====================================================================================================
반복 억제 스케줄 시뮬레이션 — ROUND 2 (통합 지점 실측)
실행 시각: 2026-08-07T10:10:24
====================================================================================================

====================================================================================================
I-1. 게이트 SQL 사전필터 가능성
====================================================================================================
  현행 게이트(event_suppression_service.is_suppressed) SQL:
     WHERE revoked_at IS NULL AND window_start <= now AND window_end > now AND event_scope IN (...)
  → DB 가 후보를 좁혀서 보통 0~2행만 파이썬으로 온다.

  반복 창에 같은 WHERE 를 적용하면?
    now=2026-08-10(Mon) 03:00 (월요일 새벽 3시, 08:00~21:00 창 밖)
    유효기간 WHERE 통과 여부 = True   실제 억제 여부 = False

  >>> [I-1] P0 — 반복 창은 SQL WHERE 로 좁혀지지 않는다 — 게이트가 전건 로드 후 파이썬 평가로 바뀜
      근거: 유효기간만으로 필터하면 통과(True)하지만 실제 억제는 False. 요일·시각 조건은 timestamptz 비교로 표현 불가
      영향: 현행 '0~2행 로드'가 '유효기간 내 전 스케줄 로드'로 바뀐다. 이벤트 수신 3핸들러 모든 요청 경로에 영향(가장 뜨거운 경로)

  유효기간이 겹치는 스케줄이 N개일 때 게이트가 파이썬으로 평가해야 하는 행 수:
    스케줄   1개 → SQL 반환   1행 (전부 파이썬 평가) vs 현행 단발이면 ~1행
    스케줄   5개 → SQL 반환   5행 (전부 파이썬 평가) vs 현행 단발이면 ~2행
    스케줄  20개 → SQL 반환  20행 (전부 파이썬 평가) vs 현행 단발이면 ~2행
    스케줄  50개 → SQL 반환  50행 (전부 파이썬 평가) vs 현행 단발이면 ~2행
    스케줄 100개 → SQL 반환 100행 (전부 파이썬 평가) vs 현행 단발이면 ~2행

====================================================================================================
I-2. NATS 전이 발행량 (SYNC_EVENT_SUPPRESSION)
====================================================================================================
  단발 창 1개              : 전이 2건 (시작+종료)
  PM요구1 (6주 월~금)      : 전이 60건
  PM요구2 (무제한 월~금)   : 전이 520건/년
  → 무제한 반복 1개 = 단발 대비 260배
  → 그런 창 10개 운영 시 연간 5,200건 (일 평균 14.2건)
  → 그런 창 50개 운영 시 연간 26,000건 (일 평균 71.2건)

  >>> [I-2] P1 — 무제한 반복 1개가 연 500여 건 전이 발행 — 창 개수에 비례해 선형 증가
      근거: 월~금 08:00~21:00 무제한 = 연 520건. 창 10개면 연 5,200건
      영향: SYNC_EVENT_SUPPRESSION 발행량 급증. 소비자가 수신할 때마다 GET /active 재조회하는 현행 권장 처리(§2.7)를 그대로 두면 재조회 폭주

====================================================================================================
I-3. 스케줄러 date-job 수 (현행 방식 그대로 적용 시)
====================================================================================================
  현행 suppression_scheduler: 창 1개당 start/end date-job 2건 사전 예약
  반복 창을 '모든 occurrence 미리 예약' 방식으로 하면:
    PM요구1(6주)     : 60잡
    PM요구2(무제한)  : **무한** — 사전 예약 불가

  >>> [I-3] P0 — 무제한 반복은 date-job 사전 예약이 원리적으로 불가 — 롤링 방식 필수
      근거: valid_until=None 이면 occurrence 가 무한. 현행 schedule_window_boundaries() 는 start/end 2건을 미리 거는 구조
      영향: 스케줄러를 '다음 전이 1건만 예약 → 발화 시 재계산' 롤링으로 전면 재작성 필요. 부팅 복원(reschedule_future_windows)도 같은 방식으로

====================================================================================================
I-4. 소비자 fail-safe 계약 (INTEGRATION.md §2.8) 붕괴 여부
====================================================================================================
  현행 계약: '캐시한 window_end 로컬 타이머 만료로 스스로 억제 해제' ← 1차 권위

  반복 창에서 now=2026-08-10(Mon) 12:00 일 때
    valid_from  = 2026-08-09(Sun) 00:00
    valid_until = None (무제한)
    현재 occurrence = [2026-08-10(Mon) 08:00 ~ 2026-08-10(Mon) 21:00]
  → 소비자가 'window_end' 로 타이머를 걸면 잡을 값이 **없다**(무제한).
    occurrence_end(2026-08-10(Mon) 21:00) 를 써야 하는데 이는 응답에 없는 신규 필드.

  >>> [I-4] P0 — 소비자 fail-safe 계약이 반복 창에서 성립하지 않음 — window_end 가 무의미해짐
      근거: 무제한 반복은 window_end/valid_until 이 None. 해제 기준으로 쓸 값이 없다. 실제 필요한 값은 현재 occurrence 의 끝(2026-08-10(Mon) 21:00)
      영향: INTEGRATION.md §2.8 규범과 7개 서브시스템 구현이 전부 무효. 응답에 occurrence_start/occurrence_end/next_occurrence_start 신규 필드 필요

====================================================================================================
I-5. status 값 분포 — 'idle' 신규 값의 실제 발생 비율
====================================================================================================
  PM요구1 유효기간 전체를 10분 간격으로 샘플 (6192개 시점):
    idle         3852회  ( 62.2%)
    active       2340회  ( 37.8%)

  → 유효기간 내인데 억제 안 하는 시간이 62.2%

  >>> [I-5] P1 — 'idle' 신규 status 가 유효기간의 과반 — 기존 4종 enum 계약 파괴
      근거: PM요구1 기준 idle 62.2%. 현행 EnumSuppressionStatus 는 pending/active/expired/cancelled 4종 고정
      영향: .NET 강타입 파서 파손 위험(브로커 §9.12 status 필드에도 실림). 목록 status 필터(SQL)도 재작성 필요 — SQL 로 idle 을 표현 못 함

====================================================================================================
I-6. 게이트 계산 비용 (요청당)
====================================================================================================
    스케줄   1개 평가 → 0.003 ms/요청
    스케줄  10개 평가 → 0.027 ms/요청
    스케줄  50개 평가 → 0.136 ms/요청
    스케줄 100개 평가 → 0.271 ms/요청

====================================================================================================
I-7. GET /active 응답 의미 — 유효기간 vs 현재 occurrence
====================================================================================================
    now=2026-08-10(Mon) 12:00  status=active   occurrence=[2026-08-10(Mon) 08:00~2026-08-10(Mon) 21:00]
        현행 응답 필드 window_start/window_end 는 2026-08-09(Sun) 00:00~2026-09-21(Mon) 00:00 (= 유효기간, 지금 억제 중인지와 무관)
    now=2026-08-10(Mon) 03:00  status=idle     occurrence=없음
        현행 응답 필드 window_start/window_end 는 2026-08-09(Sun) 00:00~2026-09-21(Mon) 00:00 (= 유효기간, 지금 억제 중인지와 무관)
    now=2026-08-15(Sat) 12:00  status=idle     occurrence=없음
        현행 응답 필드 window_start/window_end 는 2026-08-09(Sun) 00:00~2026-09-21(Mon) 00:00 (= 유효기간, 지금 억제 중인지와 무관)

  >>> [I-7] P1 — /active 와 응답 필드가 '유효기간'을 담아 소비자가 현재 억제 구간을 알 수 없음
      근거: window_start/window_end 가 반복 창에서는 유효기간 의미로 바뀌는데 소비자는 '지금 언제까지 억제인가'가 필요
      영향: /active 는 현재 occurrence 가 있는 창만 반환하도록 정의 변경 + occurrence_start/occurrence_end 필드 추가 필요

====================================================================================================
I-8. 반복 창 겹침(overlap) 판정
====================================================================================================
  유효기간이 완전히 겹쳐도 실제 occurrence 는 안 겹칠 수 있다:
    A: 월 08:00~12:00 무제한 / B: 토 08:00~12:00 무제한  → 유효기간 100% 겹침
    now=2026-08-10(Mon) 10:00  A억제=True  B억제=False → 실제 겹침 없음
    A vs C(월 10:00~14:00): now=2026-08-10(Mon) 11:00 A=True C=True → 실제 겹침

  >>> [I-8] P2 — 겹침 경고(하드닝 §4-B)를 유효기간 비교로 판정하면 대량 오탐
      근거: A(월 08-12)와 B(토 08-12)는 유효기간이 100% 겹치지만 실제 occurrence 는 절대 안 겹침
      영향: 겹침 검사는 '요일 교집합 ∧ 시각 구간 교집합' 으로 재정의 필요

====================================================================================================
ROUND 2 요약 — 도출 이슈
====================================================================================================
  [I-1] P0  반복 창은 SQL WHERE 로 좁혀지지 않는다 — 게이트가 전건 로드 후 파이썬 평가로 바뀜
  [I-2] P1  무제한 반복 1개가 연 500여 건 전이 발행 — 창 개수에 비례해 선형 증가
  [I-3] P0  무제한 반복은 date-job 사전 예약이 원리적으로 불가 — 롤링 방식 필수
  [I-4] P0  소비자 fail-safe 계약이 반복 창에서 성립하지 않음 — window_end 가 무의미해짐
  [I-5] P1  'idle' 신규 status 가 유효기간의 과반 — 기존 4종 enum 계약 파괴
  [I-7] P1  /active 와 응답 필드가 '유효기간'을 담아 소비자가 현재 억제 구간을 알 수 없음
  [I-8] P2  겹침 경고(하드닝 §4-B)를 유효기간 비교로 판정하면 대량 오탐
