====================================================================================================
반복 억제 스케줄 시뮬레이션 — ROUND 1
실행 시각: 2026-08-07T10:07:59
시나리오 119건 / 검사 시점(probe) 601건
판정: 후보구현(model.current_occurrence) vs 독립오라클(oracle 완전열거) 차등 비교
====================================================================================================

[A01] (one-shot) 단발 9시~18시(KST)
    type=none dow=0000000 daily=None~None tz=Asia/Seoul
    valid=None~None window=2026-08-10 00:00:00~2026-08-10 09:00:00 revoked=None
    OK   now=2026-08-10(Mon) 08:59:00  supp(impl)=False  supp(oracle)=False  status=pending
    OK   now=2026-08-10(Mon) 08:59:59  supp(impl)=False  supp(oracle)=False  status=pending
    OK   now=2026-08-10(Mon) 09:00:00  supp(impl)=True  supp(oracle)=True  status=active  occ=[2026-08-10(Mon) 09:00:00 ~ 2026-08-10(Mon) 18:00:00]
    OK   now=2026-08-10(Mon) 09:00:01  supp(impl)=True  supp(oracle)=True  status=active  occ=[2026-08-10(Mon) 09:00:00 ~ 2026-08-10(Mon) 18:00:00]
    OK   now=2026-08-10(Mon) 09:01:00  supp(impl)=True  supp(oracle)=True  status=active  occ=[2026-08-10(Mon) 09:00:00 ~ 2026-08-10(Mon) 18:00:00]
    OK   now=2026-08-10(Mon) 17:59:00  supp(impl)=True  supp(oracle)=True  status=active  occ=[2026-08-10(Mon) 09:00:00 ~ 2026-08-10(Mon) 18:00:00]
    OK   now=2026-08-10(Mon) 17:59:59  supp(impl)=True  supp(oracle)=True  status=active  occ=[2026-08-10(Mon) 09:00:00 ~ 2026-08-10(Mon) 18:00:00]
    OK   now=2026-08-10(Mon) 18:00:00  supp(impl)=False  supp(oracle)=False  status=expired
    OK   now=2026-08-10(Mon) 18:00:01  supp(impl)=False  supp(oracle)=False  status=expired
    OK   now=2026-08-10(Mon) 18:01:00  supp(impl)=False  supp(oracle)=False  status=expired
    OK   now=2026-08-10(Mon) 10:00:00  supp(impl)=True  supp(oracle)=True  status=active  occ=[2026-08-10(Mon) 09:00:00 ~ 2026-08-10(Mon) 18:00:00]

[A02] (one-shot) 단발 0시~24시(KST)
    type=none dow=0000000 daily=None~None tz=Asia/Seoul
    valid=None~None window=2026-08-09 15:00:00~2026-08-10 15:00:00 revoked=None
    OK   now=2026-08-09(Sun) 23:59:00  supp(impl)=False  supp(oracle)=False  status=pending
    OK   now=2026-08-09(Sun) 23:59:59  supp(impl)=False  supp(oracle)=False  status=pending
    OK   now=2026-08-10(Mon) 00:00:00  supp(impl)=True  supp(oracle)=True  status=active  occ=[2026-08-10(Mon) 00:00:00 ~ 2026-08-11(Tue) 00:00:00]
    OK   now=2026-08-10(Mon) 00:00:01  supp(impl)=True  supp(oracle)=True  status=active  occ=[2026-08-10(Mon) 00:00:00 ~ 2026-08-11(Tue) 00:00:00]
    OK   now=2026-08-10(Mon) 00:01:00  supp(impl)=True  supp(oracle)=True  status=active  occ=[2026-08-10(Mon) 00:00:00 ~ 2026-08-11(Tue) 00:00:00]
    OK   now=2026-08-10(Mon) 23:59:00  supp(impl)=True  supp(oracle)=True  status=active  occ=[2026-08-10(Mon) 00:00:00 ~ 2026-08-11(Tue) 00:00:00]
    OK   now=2026-08-10(Mon) 23:59:59  supp(impl)=True  supp(oracle)=True  status=active  occ=[2026-08-10(Mon) 00:00:00 ~ 2026-08-11(Tue) 00:00:00]
    OK   now=2026-08-11(Tue) 00:00:00  supp(impl)=False  supp(oracle)=False  status=expired
    OK   now=2026-08-11(Tue) 00:00:01  supp(impl)=False  supp(oracle)=False  status=expired
    OK   now=2026-08-11(Tue) 00:01:00  supp(impl)=False  supp(oracle)=False  status=expired
    OK   now=2026-08-10(Mon) 01:00:00  supp(impl)=True  supp(oracle)=True  status=active  occ=[2026-08-10(Mon) 00:00:00 ~ 2026-08-11(Tue) 00:00:00]

[A03] (one-shot) 단발 23시~24시(KST)
    type=none dow=0000000 daily=None~None tz=Asia/Seoul
    valid=None~None window=2026-08-10 14:00:00~2026-08-10 15:00:00 revoked=None
    OK   now=2026-08-10(Mon) 22:59:00  supp(impl)=False  supp(oracle)=False  status=pending
    OK   now=2026-08-10(Mon) 22:59:59  supp(impl)=False  supp(oracle)=False  status=pending
    OK   now=2026-08-10(Mon) 23:00:00  supp(impl)=True  supp(oracle)=True  status=active  occ=[2026-08-10(Mon) 23:00:00 ~ 2026-08-11(Tue) 00:00:00]
    OK   now=2026-08-10(Mon) 23:00:01  supp(impl)=True  supp(oracle)=True  status=active  occ=[2026-08-10(Mon) 23:00:00 ~ 2026-08-11(Tue) 00:00:00]
    OK   now=2026-08-10(Mon) 23:01:00  supp(impl)=True  supp(oracle)=True  status=active  occ=[2026-08-10(Mon) 23:00:00 ~ 2026-08-11(Tue) 00:00:00]
    OK   now=2026-08-10(Mon) 23:59:00  supp(impl)=True  supp(oracle)=True  status=active  occ=[2026-08-10(Mon) 23:00:00 ~ 2026-08-11(Tue) 00:00:00]
    OK   now=2026-08-10(Mon) 23:59:59  supp(impl)=True  supp(oracle)=True  status=active  occ=[2026-08-10(Mon) 23:00:00 ~ 2026-08-11(Tue) 00:00:00]
    OK   now=2026-08-11(Tue) 00:00:00  supp(impl)=False  supp(oracle)=False  status=expired
    OK   now=2026-08-11(Tue) 00:00:01  supp(impl)=False  supp(oracle)=False  status=expired
    OK   now=2026-08-11(Tue) 00:01:00  supp(impl)=False  supp(oracle)=False  status=expired
    OK   now=2026-08-11(Tue) 00:00:00  supp(impl)=False  supp(oracle)=False  status=expired

[A04] (one-shot) 단발 0시~1시(KST)
    type=none dow=0000000 daily=None~None tz=Asia/Seoul
    valid=None~None window=2026-08-09 15:00:00~2026-08-09 16:00:00 revoked=None
    OK   now=2026-08-09(Sun) 23:59:00  supp(impl)=False  supp(oracle)=False  status=pending
    OK   now=2026-08-09(Sun) 23:59:59  supp(impl)=False  supp(oracle)=False  status=pending
    OK   now=2026-08-10(Mon) 00:00:00  supp(impl)=True  supp(oracle)=True  status=active  occ=[2026-08-10(Mon) 00:00:00 ~ 2026-08-10(Mon) 01:00:00]
    OK   now=2026-08-10(Mon) 00:00:01  supp(impl)=True  supp(oracle)=True  status=active  occ=[2026-08-10(Mon) 00:00:00 ~ 2026-08-10(Mon) 01:00:00]
    OK   now=2026-08-10(Mon) 00:01:00  supp(impl)=True  supp(oracle)=True  status=active  occ=[2026-08-10(Mon) 00:00:00 ~ 2026-08-10(Mon) 01:00:00]
    OK   now=2026-08-10(Mon) 00:59:00  supp(impl)=True  supp(oracle)=True  status=active  occ=[2026-08-10(Mon) 00:00:00 ~ 2026-08-10(Mon) 01:00:00]
    OK   now=2026-08-10(Mon) 00:59:59  supp(impl)=True  supp(oracle)=True  status=active  occ=[2026-08-10(Mon) 00:00:00 ~ 2026-08-10(Mon) 01:00:00]
    OK   now=2026-08-10(Mon) 01:00:00  supp(impl)=False  supp(oracle)=False  status=expired
    OK   now=2026-08-10(Mon) 01:00:01  supp(impl)=False  supp(oracle)=False  status=expired
    OK   now=2026-08-10(Mon) 01:01:00  supp(impl)=False  supp(oracle)=False  status=expired
    OK   now=2026-08-10(Mon) 01:00:00  supp(impl)=False  supp(oracle)=False  status=expired

[A05] (one-shot) 단발 12시~13시(KST)
    type=none dow=0000000 daily=None~None tz=Asia/Seoul
    valid=None~None window=2026-08-10 03:00:00~2026-08-10 04:00:00 revoked=None
    OK   now=2026-08-10(Mon) 11:59:00  supp(impl)=False  supp(oracle)=False  status=pending
    OK   now=2026-08-10(Mon) 11:59:59  supp(impl)=False  supp(oracle)=False  status=pending
    OK   now=2026-08-10(Mon) 12:00:00  supp(impl)=True  supp(oracle)=True  status=active  occ=[2026-08-10(Mon) 12:00:00 ~ 2026-08-10(Mon) 13:00:00]
    OK   now=2026-08-10(Mon) 12:00:01  supp(impl)=True  supp(oracle)=True  status=active  occ=[2026-08-10(Mon) 12:00:00 ~ 2026-08-10(Mon) 13:00:00]
    OK   now=2026-08-10(Mon) 12:01:00  supp(impl)=True  supp(oracle)=True  status=active  occ=[2026-08-10(Mon) 12:00:00 ~ 2026-08-10(Mon) 13:00:00]
    OK   now=2026-08-10(Mon) 12:59:00  supp(impl)=True  supp(oracle)=True  status=active  occ=[2026-08-10(Mon) 12:00:00 ~ 2026-08-10(Mon) 13:00:00]
    OK   now=2026-08-10(Mon) 12:59:59  supp(impl)=True  supp(oracle)=True  status=active  occ=[2026-08-10(Mon) 12:00:00 ~ 2026-08-10(Mon) 13:00:00]
    OK   now=2026-08-10(Mon) 13:00:00  supp(impl)=False  supp(oracle)=False  status=expired
    OK   now=2026-08-10(Mon) 13:00:01  supp(impl)=False  supp(oracle)=False  status=expired
    OK   now=2026-08-10(Mon) 13:01:00  supp(impl)=False  supp(oracle)=False  status=expired
    OK   now=2026-08-10(Mon) 13:00:00  supp(impl)=False  supp(oracle)=False  status=expired

[A06] (one-shot) 단발 — 취소된 창
    type=none dow=0000000 daily=None~None tz=Asia/Seoul
    valid=None~None window=2026-08-10 00:00:00~2026-08-10 09:00:00 revoked=2026-08-10 03:00:00
    OK   now=2026-08-10(Mon) 11:59:00  supp(impl)=True  supp(oracle)=True  status=active  occ=[2026-08-10(Mon) 09:00:00 ~ 2026-08-10(Mon) 18:00:00]
    OK   now=2026-08-10(Mon) 11:59:59  supp(impl)=True  supp(oracle)=True  status=active  occ=[2026-08-10(Mon) 09:00:00 ~ 2026-08-10(Mon) 18:00:00]
    OK   now=2026-08-10(Mon) 12:00:00  supp(impl)=False  supp(oracle)=False  status=cancelled
    OK   now=2026-08-10(Mon) 12:00:01  supp(impl)=False  supp(oracle)=False  status=cancelled
    OK   now=2026-08-10(Mon) 12:01:00  supp(impl)=False  supp(oracle)=False  status=cancelled
    OK   now=2026-08-10(Mon) 10:00:00  supp(impl)=True  supp(oracle)=True  status=active  occ=[2026-08-10(Mon) 09:00:00 ~ 2026-08-10(Mon) 18:00:00]
    OK   now=2026-08-10(Mon) 15:00:00  supp(impl)=False  supp(oracle)=False  status=cancelled

[A07] (one-shot) 단발 — 다중일(3일) 연속
    type=none dow=0000000 daily=None~None tz=Asia/Seoul
    valid=None~None window=2026-08-10 00:00:00~2026-08-13 00:00:00 revoked=None
    OK   now=2026-08-10(Mon) 08:59:00  supp(impl)=False  supp(oracle)=False  status=pending
    OK   now=2026-08-10(Mon) 08:59:59  supp(impl)=False  supp(oracle)=False  status=pending
    OK   now=2026-08-10(Mon) 09:00:00  supp(impl)=True  supp(oracle)=True  status=active  occ=[2026-08-10(Mon) 09:00:00 ~ 2026-08-13(Thu) 09:00:00]
    OK   now=2026-08-10(Mon) 09:00:01  supp(impl)=True  supp(oracle)=True  status=active  occ=[2026-08-10(Mon) 09:00:00 ~ 2026-08-13(Thu) 09:00:00]
    OK   now=2026-08-10(Mon) 09:01:00  supp(impl)=True  supp(oracle)=True  status=active  occ=[2026-08-10(Mon) 09:00:00 ~ 2026-08-13(Thu) 09:00:00]
    OK   now=2026-08-13(Thu) 08:59:00  supp(impl)=True  supp(oracle)=True  status=active  occ=[2026-08-10(Mon) 09:00:00 ~ 2026-08-13(Thu) 09:00:00]
    OK   now=2026-08-13(Thu) 08:59:59  supp(impl)=True  supp(oracle)=True  status=active  occ=[2026-08-10(Mon) 09:00:00 ~ 2026-08-13(Thu) 09:00:00]
    OK   now=2026-08-13(Thu) 09:00:00  supp(impl)=False  supp(oracle)=False  status=expired
    OK   now=2026-08-13(Thu) 09:00:01  supp(impl)=False  supp(oracle)=False  status=expired
    OK   now=2026-08-13(Thu) 09:01:00  supp(impl)=False  supp(oracle)=False  status=expired
    OK   now=2026-08-11(Tue) 03:00:00  supp(impl)=True  supp(oracle)=True  status=active  occ=[2026-08-10(Mon) 09:00:00 ~ 2026-08-13(Thu) 09:00:00]

[A08] (one-shot) 단발 — 1분짜리
    type=none dow=0000000 daily=None~None tz=Asia/Seoul
    valid=None~None window=2026-08-10 00:00:00~2026-08-10 00:01:00 revoked=None
    OK   now=2026-08-10(Mon) 08:59:00  supp(impl)=False  supp(oracle)=False  status=pending
    OK   now=2026-08-10(Mon) 08:59:59  supp(impl)=False  supp(oracle)=False  status=pending
    OK   now=2026-08-10(Mon) 09:00:00  supp(impl)=True  supp(oracle)=True  status=active  occ=[2026-08-10(Mon) 09:00:00 ~ 2026-08-10(Mon) 09:01:00]
    OK   now=2026-08-10(Mon) 09:00:01  supp(impl)=True  supp(oracle)=True  status=active  occ=[2026-08-10(Mon) 09:00:00 ~ 2026-08-10(Mon) 09:01:00]
    OK   now=2026-08-10(Mon) 09:01:00  supp(impl)=False  supp(oracle)=False  status=expired
    OK   now=2026-08-10(Mon) 09:00:00  supp(impl)=True  supp(oracle)=True  status=active  occ=[2026-08-10(Mon) 09:00:00 ~ 2026-08-10(Mon) 09:01:00]
    OK   now=2026-08-10(Mon) 09:00:59  supp(impl)=True  supp(oracle)=True  status=active  occ=[2026-08-10(Mon) 09:00:00 ~ 2026-08-10(Mon) 09:01:00]
    OK   now=2026-08-10(Mon) 09:01:00  supp(impl)=False  supp(oracle)=False  status=expired
    OK   now=2026-08-10(Mon) 09:01:01  supp(impl)=False  supp(oracle)=False  status=expired
    OK   now=2026-08-10(Mon) 09:02:00  supp(impl)=False  supp(oracle)=False  status=expired

[A09] (one-shot) 단발 — 과거 창(이미 종료)
    type=none dow=0000000 daily=None~None tz=Asia/Seoul
    valid=None~None window=2026-01-01 00:00:00~2026-01-01 09:00:00 revoked=None
    OK   now=2026-08-10(Mon) 12:00:00  supp(impl)=False  supp(oracle)=False  status=expired
    OK   now=2026-01-01(Thu) 12:00:00  supp(impl)=True  supp(oracle)=True  status=active  occ=[2026-01-01(Thu) 09:00:00 ~ 2026-01-01(Thu) 18:00:00]

[A10] (one-shot) 단발 — 미래 창(아직 시작 전)
    type=none dow=0000000 daily=None~None tz=Asia/Seoul
    valid=None~None window=2026-12-01 00:00:00~2026-12-01 09:00:00 revoked=None
    OK   now=2026-08-10(Mon) 12:00:00  supp(impl)=False  supp(oracle)=False  status=pending
    OK   now=2026-12-01(Tue) 12:00:00  supp(impl)=True  supp(oracle)=True  status=active  occ=[2026-12-01(Tue) 09:00:00 ~ 2026-12-01(Tue) 18:00:00]

[B01] (weekly-bounded) PM 요구 원본: 08-09~09-20 월~금 08:00~21:00
    type=weekly dow=0011111 daily=08:00:00~21:00:00 tz=Asia/Seoul
    valid=2026-08-08 15:00:00~2026-09-20 15:00:00 window=None~None revoked=None
    OK   now=2026-08-10(Mon) 07:59:00  supp(impl)=False  supp(oracle)=False  status=idle
    OK   now=2026-08-10(Mon) 07:59:59  supp(impl)=False  supp(oracle)=False  status=idle
    OK   now=2026-08-10(Mon) 08:00:00  supp(impl)=True  supp(oracle)=True  status=active  occ=[2026-08-10(Mon) 08:00:00 ~ 2026-08-10(Mon) 21:00:00]
    OK   now=2026-08-10(Mon) 08:00:01  supp(impl)=True  supp(oracle)=True  status=active  occ=[2026-08-10(Mon) 08:00:00 ~ 2026-08-10(Mon) 21:00:00]
    OK   now=2026-08-10(Mon) 08:01:00  supp(impl)=True  supp(oracle)=True  status=active  occ=[2026-08-10(Mon) 08:00:00 ~ 2026-08-10(Mon) 21:00:00]
    OK   now=2026-08-10(Mon) 20:59:00  supp(impl)=True  supp(oracle)=True  status=active  occ=[2026-08-10(Mon) 08:00:00 ~ 2026-08-10(Mon) 21:00:00]
    OK   now=2026-08-10(Mon) 20:59:59  supp(impl)=True  supp(oracle)=True  status=active  occ=[2026-08-10(Mon) 08:00:00 ~ 2026-08-10(Mon) 21:00:00]
    OK   now=2026-08-10(Mon) 21:00:00  supp(impl)=False  supp(oracle)=False  status=idle
    OK   now=2026-08-10(Mon) 21:00:01  supp(impl)=False  supp(oracle)=False  status=idle
    OK   now=2026-08-10(Mon) 21:01:00  supp(impl)=False  supp(oracle)=False  status=idle
    OK   now=2026-08-14(Fri) 07:59:00  supp(impl)=False  supp(oracle)=False  status=idle
    OK   now=2026-08-14(Fri) 07:59:59  supp(impl)=False  supp(oracle)=False  status=idle
    OK   now=2026-08-14(Fri) 08:00:00  supp(impl)=True  supp(oracle)=True  status=active  occ=[2026-08-14(Fri) 08:00:00 ~ 2026-08-14(Fri) 21:00:00]
    OK   now=2026-08-14(Fri) 08:00:01  supp(impl)=True  supp(oracle)=True  status=active  occ=[2026-08-14(Fri) 08:00:00 ~ 2026-08-14(Fri) 21:00:00]
    OK   now=2026-08-14(Fri) 08:01:00  supp(impl)=True  supp(oracle)=True  status=active  occ=[2026-08-14(Fri) 08:00:00 ~ 2026-08-14(Fri) 21:00:00]
    OK   now=2026-08-14(Fri) 20:59:00  supp(impl)=True  supp(oracle)=True  status=active  occ=[2026-08-14(Fri) 08:00:00 ~ 2026-08-14(Fri) 21:00:00]
    OK   now=2026-08-14(Fri) 20:59:59  supp(impl)=True  supp(oracle)=True  status=active  occ=[2026-08-14(Fri) 08:00:00 ~ 2026-08-14(Fri) 21:00:00]
    OK   now=2026-08-14(Fri) 21:00:00  supp(impl)=False  supp(oracle)=False  status=idle
    OK   now=2026-08-14(Fri) 21:00:01  supp(impl)=False  supp(oracle)=False  status=idle
    OK   now=2026-08-14(Fri) 21:01:00  supp(impl)=False  supp(oracle)=False  status=idle

[B02] (weekly-bounded) 같은 창 — 주말(토/일)은 미억제
    type=weekly dow=0011111 daily=08:00:00~21:00:00 tz=Asia/Seoul
    valid=2026-08-08 15:00:00~2026-09-20 15:00:00 window=None~None revoked=None
    OK   now=2026-08-15(Sat) 12:00:00  supp(impl)=False  supp(oracle)=False  status=idle
    OK   now=2026-08-16(Sun) 12:00:00  supp(impl)=False  supp(oracle)=False  status=idle
    OK   now=2026-08-15(Sat) 08:00:00  supp(impl)=False  supp(oracle)=False  status=idle
    OK   now=2026-08-16(Sun) 20:59:00  supp(impl)=False  supp(oracle)=False  status=idle

[B03] (weekly-bounded) 같은 창 — 유효기간 시작일(일요일 08-09)은 요일 미매치
    type=weekly dow=0011111 daily=08:00:00~21:00:00 tz=Asia/Seoul
    valid=2026-08-08 15:00:00~2026-09-20 15:00:00 window=None~None revoked=None
    OK   now=2026-08-09(Sun) 07:59:00  supp(impl)=False  supp(oracle)=False  status=idle
    OK   now=2026-08-09(Sun) 07:59:59  supp(impl)=False  supp(oracle)=False  status=idle
    OK   now=2026-08-09(Sun) 08:00:00  supp(impl)=False  supp(oracle)=False  status=idle
    OK   now=2026-08-09(Sun) 08:00:01  supp(impl)=False  supp(oracle)=False  status=idle
    OK   now=2026-08-09(Sun) 08:01:00  supp(impl)=False  supp(oracle)=False  status=idle
    OK   now=2026-08-09(Sun) 20:59:00  supp(impl)=False  supp(oracle)=False  status=idle
    OK   now=2026-08-09(Sun) 20:59:59  supp(impl)=False  supp(oracle)=False  status=idle
    OK   now=2026-08-09(Sun) 21:00:00  supp(impl)=False  supp(oracle)=False  status=idle
    OK   now=2026-08-09(Sun) 21:00:01  supp(impl)=False  supp(oracle)=False  status=idle
    OK   now=2026-08-09(Sun) 21:01:00  supp(impl)=False  supp(oracle)=False  status=idle

[B04] (weekly-bounded) 같은 창 — 유효기간 종료 경계(09-21 00:00)
    type=weekly dow=0011111 daily=08:00:00~21:00:00 tz=Asia/Seoul
    valid=2026-08-08 15:00:00~2026-09-20 15:00:00 window=None~None revoked=None
    OK   now=2026-09-20(Sun) 23:59:00  supp(impl)=False  supp(oracle)=False  status=idle
    OK   now=2026-09-20(Sun) 23:59:59  supp(impl)=False  supp(oracle)=False  status=idle
    OK   now=2026-09-21(Mon) 00:00:00  supp(impl)=False  supp(oracle)=False  status=expired
    OK   now=2026-09-21(Mon) 00:00:01  supp(impl)=False  supp(oracle)=False  status=expired
    OK   now=2026-09-21(Mon) 00:01:00  supp(impl)=False  supp(oracle)=False  status=expired
    OK   now=2026-09-18(Fri) 12:00:00  supp(impl)=True  supp(oracle)=True  status=active  occ=[2026-09-18(Fri) 08:00:00 ~ 2026-09-18(Fri) 21:00:00]
    OK   now=2026-09-21(Mon) 12:00:00  supp(impl)=False  supp(oracle)=False  status=expired

[B05] (weekly-bounded) 같은 창 — 매일 종료 직후(21:00~08:00 사이)
    type=weekly dow=0011111 daily=08:00:00~21:00:00 tz=Asia/Seoul
    valid=2026-08-08 15:00:00~2026-09-20 15:00:00 window=None~None revoked=None
    OK   now=2026-08-11(Tue) 21:30:00  supp(impl)=False  supp(oracle)=False  status=idle
    OK   now=2026-08-11(Tue) 23:59:00  supp(impl)=False  supp(oracle)=False  status=idle
    OK   now=2026-08-12(Wed) 07:59:00  supp(impl)=False  supp(oracle)=False  status=idle

[B06] (weekly-bounded) 단일 요일 반복 (bit=1)
    type=weekly dow=0000001 daily=10:00:00~12:00:00 tz=Asia/Seoul
    valid=2026-07-31 15:00:00~2026-08-31 15:00:00 window=None~None revoked=None
    OK   now=2026-08-10(Mon) 11:00:00  supp(impl)=True  supp(oracle)=True  status=active  occ=[2026-08-10(Mon) 10:00:00 ~ 2026-08-10(Mon) 12:00:00]
    OK   now=2026-08-11(Tue) 11:00:00  supp(impl)=False  supp(oracle)=False  status=idle
    OK   now=2026-08-12(Wed) 11:00:00  supp(impl)=False  supp(oracle)=False  status=idle
    OK   now=2026-08-13(Thu) 11:00:00  supp(impl)=False  supp(oracle)=False  status=idle
    OK   now=2026-08-14(Fri) 11:00:00  supp(impl)=False  supp(oracle)=False  status=idle
    OK   now=2026-08-15(Sat) 11:00:00  supp(impl)=False  supp(oracle)=False  status=idle
    OK   now=2026-08-16(Sun) 11:00:00  supp(impl)=False  supp(oracle)=False  status=idle
    OK   now=2026-08-10(Mon) 09:59:00  supp(impl)=False  supp(oracle)=False  status=idle
    OK   now=2026-08-10(Mon) 09:59:59  supp(impl)=False  supp(oracle)=False  status=idle
    OK   now=2026-08-10(Mon) 10:00:00  supp(impl)=True  supp(oracle)=True  status=active  occ=[2026-08-10(Mon) 10:00:00 ~ 2026-08-10(Mon) 12:00:00]
    OK   now=2026-08-10(Mon) 10:00:01  supp(impl)=True  supp(oracle)=True  status=active  occ=[2026-08-10(Mon) 10:00:00 ~ 2026-08-10(Mon) 12:00:00]
    OK   now=2026-08-10(Mon) 10:01:00  supp(impl)=True  supp(oracle)=True  status=active  occ=[2026-08-10(Mon) 10:00:00 ~ 2026-08-10(Mon) 12:00:00]

[B07] (weekly-bounded) 단일 요일 반복 (bit=2)
    type=weekly dow=0000010 daily=10:00:00~12:00:00 tz=Asia/Seoul
    valid=2026-07-31 15:00:00~2026-08-31 15:00:00 window=None~None revoked=None
    OK   now=2026-08-10(Mon) 11:00:00  supp(impl)=False  supp(oracle)=False  status=idle
    OK   now=2026-08-11(Tue) 11:00:00  supp(impl)=True  supp(oracle)=True  status=active  occ=[2026-08-11(Tue) 10:00:00 ~ 2026-08-11(Tue) 12:00:00]
    OK   now=2026-08-12(Wed) 11:00:00  supp(impl)=False  supp(oracle)=False  status=idle
    OK   now=2026-08-13(Thu) 11:00:00  supp(impl)=False  supp(oracle)=False  status=idle
    OK   now=2026-08-14(Fri) 11:00:00  supp(impl)=False  supp(oracle)=False  status=idle
    OK   now=2026-08-15(Sat) 11:00:00  supp(impl)=False  supp(oracle)=False  status=idle
    OK   now=2026-08-16(Sun) 11:00:00  supp(impl)=False  supp(oracle)=False  status=idle
    OK   now=2026-08-10(Mon) 09:59:00  supp(impl)=False  supp(oracle)=False  status=idle
    OK   now=2026-08-10(Mon) 09:59:59  supp(impl)=False  supp(oracle)=False  status=idle
    OK   now=2026-08-10(Mon) 10:00:00  supp(impl)=False  supp(oracle)=False  status=idle
    OK   now=2026-08-10(Mon) 10:00:01  supp(impl)=False  supp(oracle)=False  status=idle
    OK   now=2026-08-10(Mon) 10:01:00  supp(impl)=False  supp(oracle)=False  status=idle

[B08] (weekly-bounded) 단일 요일 반복 (bit=4)
    type=weekly dow=0000100 daily=10:00:00~12:00:00 tz=Asia/Seoul
    valid=2026-07-31 15:00:00~2026-08-31 15:00:00 window=None~None revoked=None
    OK   now=2026-08-10(Mon) 11:00:00  supp(impl)=False  supp(oracle)=False  status=idle
    OK   now=2026-08-11(Tue) 11:00:00  supp(impl)=False  supp(oracle)=False  status=idle
    OK   now=2026-08-12(Wed) 11:00:00  supp(impl)=True  supp(oracle)=True  status=active  occ=[2026-08-12(Wed) 10:00:00 ~ 2026-08-12(Wed) 12:00:00]
    OK   now=2026-08-13(Thu) 11:00:00  supp(impl)=False  supp(oracle)=False  status=idle
    OK   now=2026-08-14(Fri) 11:00:00  supp(impl)=False  supp(oracle)=False  status=idle
    OK   now=2026-08-15(Sat) 11:00:00  supp(impl)=False  supp(oracle)=False  status=idle
    OK   now=2026-08-16(Sun) 11:00:00  supp(impl)=False  supp(oracle)=False  status=idle
    OK   now=2026-08-10(Mon) 09:59:00  supp(impl)=False  supp(oracle)=False  status=idle
    OK   now=2026-08-10(Mon) 09:59:59  supp(impl)=False  supp(oracle)=False  status=idle
    OK   now=2026-08-10(Mon) 10:00:00  supp(impl)=False  supp(oracle)=False  status=idle
    OK   now=2026-08-10(Mon) 10:00:01  supp(impl)=False  supp(oracle)=False  status=idle
    OK   now=2026-08-10(Mon) 10:01:00  supp(impl)=False  supp(oracle)=False  status=idle

[B09] (weekly-bounded) 단일 요일 반복 (bit=8)
    type=weekly dow=0001000 daily=10:00:00~12:00:00 tz=Asia/Seoul
    valid=2026-07-31 15:00:00~2026-08-31 15:00:00 window=None~None revoked=None
    OK   now=2026-08-10(Mon) 11:00:00  supp(impl)=False  supp(oracle)=False  status=idle
    OK   now=2026-08-11(Tue) 11:00:00  supp(impl)=False  supp(oracle)=False  status=idle
    OK   now=2026-08-12(Wed) 11:00:00  supp(impl)=False  supp(oracle)=False  status=idle
    OK   now=2026-08-13(Thu) 11:00:00  supp(impl)=True  supp(oracle)=True  status=active  occ=[2026-08-13(Thu) 10:00:00 ~ 2026-08-13(Thu) 12:00:00]
    OK   now=2026-08-14(Fri) 11:00:00  supp(impl)=False  supp(oracle)=False  status=idle
    OK   now=2026-08-15(Sat) 11:00:00  supp(impl)=False  supp(oracle)=False  status=idle
    OK   now=2026-08-16(Sun) 11:00:00  supp(impl)=False  supp(oracle)=False  status=idle
    OK   now=2026-08-10(Mon) 09:59:00  supp(impl)=False  supp(oracle)=False  status=idle
    OK   now=2026-08-10(Mon) 09:59:59  supp(impl)=False  supp(oracle)=False  status=idle
    OK   now=2026-08-10(Mon) 10:00:00  supp(impl)=False  supp(oracle)=False  status=idle
    OK   now=2026-08-10(Mon) 10:00:01  supp(impl)=False  supp(oracle)=False  status=idle
    OK   now=2026-08-10(Mon) 10:01:00  supp(impl)=False  supp(oracle)=False  status=idle

[B10] (weekly-bounded) 단일 요일 반복 (bit=16)
    type=weekly dow=0010000 daily=10:00:00~12:00:00 tz=Asia/Seoul
    valid=2026-07-31 15:00:00~2026-08-31 15:00:00 window=None~None revoked=None
    OK   now=2026-08-10(Mon) 11:00:00  supp(impl)=False  supp(oracle)=False  status=idle
    OK   now=2026-08-11(Tue) 11:00:00  supp(impl)=False  supp(oracle)=False  status=idle
    OK   now=2026-08-12(Wed) 11:00:00  supp(impl)=False  supp(oracle)=False  status=idle
    OK   now=2026-08-13(Thu) 11:00:00  supp(impl)=False  supp(oracle)=False  status=idle
    OK   now=2026-08-14(Fri) 11:00:00  supp(impl)=True  supp(oracle)=True  status=active  occ=[2026-08-14(Fri) 10:00:00 ~ 2026-08-14(Fri) 12:00:00]
    OK   now=2026-08-15(Sat) 11:00:00  supp(impl)=False  supp(oracle)=False  status=idle
    OK   now=2026-08-16(Sun) 11:00:00  supp(impl)=False  supp(oracle)=False  status=idle
    OK   now=2026-08-10(Mon) 09:59:00  supp(impl)=False  supp(oracle)=False  status=idle
    OK   now=2026-08-10(Mon) 09:59:59  supp(impl)=False  supp(oracle)=False  status=idle
    OK   now=2026-08-10(Mon) 10:00:00  supp(impl)=False  supp(oracle)=False  status=idle
    OK   now=2026-08-10(Mon) 10:00:01  supp(impl)=False  supp(oracle)=False  status=idle
    OK   now=2026-08-10(Mon) 10:01:00  supp(impl)=False  supp(oracle)=False  status=idle

[B11] (weekly-bounded) 단일 요일 반복 (bit=32)
    type=weekly dow=0100000 daily=10:00:00~12:00:00 tz=Asia/Seoul
    valid=2026-07-31 15:00:00~2026-08-31 15:00:00 window=None~None revoked=None
    OK   now=2026-08-10(Mon) 11:00:00  supp(impl)=False  supp(oracle)=False  status=idle
    OK   now=2026-08-11(Tue) 11:00:00  supp(impl)=False  supp(oracle)=False  status=idle
    OK   now=2026-08-12(Wed) 11:00:00  supp(impl)=False  supp(oracle)=False  status=idle
    OK   now=2026-08-13(Thu) 11:00:00  supp(impl)=False  supp(oracle)=False  status=idle
    OK   now=2026-08-14(Fri) 11:00:00  supp(impl)=False  supp(oracle)=False  status=idle
    OK   now=2026-08-15(Sat) 11:00:00  supp(impl)=True  supp(oracle)=True  status=active  occ=[2026-08-15(Sat) 10:00:00 ~ 2026-08-15(Sat) 12:00:00]
    OK   now=2026-08-16(Sun) 11:00:00  supp(impl)=False  supp(oracle)=False  status=idle
    OK   now=2026-08-10(Mon) 09:59:00  supp(impl)=False  supp(oracle)=False  status=idle
    OK   now=2026-08-10(Mon) 09:59:59  supp(impl)=False  supp(oracle)=False  status=idle
    OK   now=2026-08-10(Mon) 10:00:00  supp(impl)=False  supp(oracle)=False  status=idle
    OK   now=2026-08-10(Mon) 10:00:01  supp(impl)=False  supp(oracle)=False  status=idle
    OK   now=2026-08-10(Mon) 10:01:00  supp(impl)=False  supp(oracle)=False  status=idle

[B12] (weekly-bounded) 단일 요일 반복 (bit=64)
    type=weekly dow=1000000 daily=10:00:00~12:00:00 tz=Asia/Seoul
    valid=2026-07-31 15:00:00~2026-08-31 15:00:00 window=None~None revoked=None
    OK   now=2026-08-10(Mon) 11:00:00  supp(impl)=False  supp(oracle)=False  status=idle
    OK   now=2026-08-11(Tue) 11:00:00  supp(impl)=False  supp(oracle)=False  status=idle
    OK   now=2026-08-12(Wed) 11:00:00  supp(impl)=False  supp(oracle)=False  status=idle
    OK   now=2026-08-13(Thu) 11:00:00  supp(impl)=False  supp(oracle)=False  status=idle
    OK   now=2026-08-14(Fri) 11:00:00  supp(impl)=False  supp(oracle)=False  status=idle
    OK   now=2026-08-15(Sat) 11:00:00  supp(impl)=False  supp(oracle)=False  status=idle
    OK   now=2026-08-16(Sun) 11:00:00  supp(impl)=True  supp(oracle)=True  status=active  occ=[2026-08-16(Sun) 10:00:00 ~ 2026-08-16(Sun) 12:00:00]
    OK   now=2026-08-10(Mon) 09:59:00  supp(impl)=False  supp(oracle)=False  status=idle
    OK   now=2026-08-10(Mon) 09:59:59  supp(impl)=False  supp(oracle)=False  status=idle
    OK   now=2026-08-10(Mon) 10:00:00  supp(impl)=False  supp(oracle)=False  status=idle
    OK   now=2026-08-10(Mon) 10:00:01  supp(impl)=False  supp(oracle)=False  status=idle
    OK   now=2026-08-10(Mon) 10:01:00  supp(impl)=False  supp(oracle)=False  status=idle

[B13] (weekly-bounded) 주말만 반복 (토·일)
    type=weekly dow=1100000 daily=00:00:00~23:59:00 tz=Asia/Seoul
    valid=2026-07-31 15:00:00~2026-08-31 15:00:00 window=None~None revoked=None
    OK   now=2026-08-15(Sat) 12:00:00  supp(impl)=True  supp(oracle)=True  status=active  occ=[2026-08-15(Sat) 00:00:00 ~ 2026-08-15(Sat) 23:59:00]
    OK   now=2026-08-16(Sun) 12:00:00  supp(impl)=True  supp(oracle)=True  status=active  occ=[2026-08-16(Sun) 00:00:00 ~ 2026-08-16(Sun) 23:59:00]
    OK   now=2026-08-17(Mon) 12:00:00  supp(impl)=False  supp(oracle)=False  status=idle

[B14] (weekly-bounded) 전 요일 반복
    type=weekly dow=1111111 daily=09:00:00~10:00:00 tz=Asia/Seoul
    valid=2026-07-31 15:00:00~2026-08-31 15:00:00 window=None~None revoked=None
    OK   now=2026-08-10(Mon) 09:30:00  supp(impl)=True  supp(oracle)=True  status=active  occ=[2026-08-10(Mon) 09:00:00 ~ 2026-08-10(Mon) 10:00:00]
    OK   now=2026-08-11(Tue) 09:30:00  supp(impl)=True  supp(oracle)=True  status=active  occ=[2026-08-11(Tue) 09:00:00 ~ 2026-08-11(Tue) 10:00:00]
    OK   now=2026-08-12(Wed) 09:30:00  supp(impl)=True  supp(oracle)=True  status=active  occ=[2026-08-12(Wed) 09:00:00 ~ 2026-08-12(Wed) 10:00:00]
    OK   now=2026-08-13(Thu) 09:30:00  supp(impl)=True  supp(oracle)=True  status=active  occ=[2026-08-13(Thu) 09:00:00 ~ 2026-08-13(Thu) 10:00:00]
    OK   now=2026-08-14(Fri) 09:30:00  supp(impl)=True  supp(oracle)=True  status=active  occ=[2026-08-14(Fri) 09:00:00 ~ 2026-08-14(Fri) 10:00:00]
    OK   now=2026-08-15(Sat) 09:30:00  supp(impl)=True  supp(oracle)=True  status=active  occ=[2026-08-15(Sat) 09:00:00 ~ 2026-08-15(Sat) 10:00:00]
    OK   now=2026-08-16(Sun) 09:30:00  supp(impl)=True  supp(oracle)=True  status=active  occ=[2026-08-16(Sun) 09:00:00 ~ 2026-08-16(Sun) 10:00:00]

[B15] (weekly-bounded) 유효기간이 하루뿐
    type=weekly dow=0011111 daily=08:00:00~21:00:00 tz=Asia/Seoul
    valid=2026-08-09 15:00:00~2026-08-10 15:00:00 window=None~None revoked=None
    OK   now=2026-08-10(Mon) 07:59:00  supp(impl)=False  supp(oracle)=False  status=idle
    OK   now=2026-08-10(Mon) 07:59:59  supp(impl)=False  supp(oracle)=False  status=idle
    OK   now=2026-08-10(Mon) 08:00:00  supp(impl)=True  supp(oracle)=True  status=active  occ=[2026-08-10(Mon) 08:00:00 ~ 2026-08-10(Mon) 21:00:00]
    OK   now=2026-08-10(Mon) 08:00:01  supp(impl)=True  supp(oracle)=True  status=active  occ=[2026-08-10(Mon) 08:00:00 ~ 2026-08-10(Mon) 21:00:00]
    OK   now=2026-08-10(Mon) 08:01:00  supp(impl)=True  supp(oracle)=True  status=active  occ=[2026-08-10(Mon) 08:00:00 ~ 2026-08-10(Mon) 21:00:00]
    OK   now=2026-08-10(Mon) 20:59:00  supp(impl)=True  supp(oracle)=True  status=active  occ=[2026-08-10(Mon) 08:00:00 ~ 2026-08-10(Mon) 21:00:00]
    OK   now=2026-08-10(Mon) 20:59:59  supp(impl)=True  supp(oracle)=True  status=active  occ=[2026-08-10(Mon) 08:00:00 ~ 2026-08-10(Mon) 21:00:00]
    OK   now=2026-08-10(Mon) 21:00:00  supp(impl)=False  supp(oracle)=False  status=idle
    OK   now=2026-08-10(Mon) 21:00:01  supp(impl)=False  supp(oracle)=False  status=idle
    OK   now=2026-08-10(Mon) 21:01:00  supp(impl)=False  supp(oracle)=False  status=idle
    OK   now=2026-08-10(Mon) 23:59:00  supp(impl)=False  supp(oracle)=False  status=idle
    OK   now=2026-08-10(Mon) 23:59:59  supp(impl)=False  supp(oracle)=False  status=idle
    OK   now=2026-08-11(Tue) 00:00:00  supp(impl)=False  supp(oracle)=False  status=expired
    OK   now=2026-08-11(Tue) 00:00:01  supp(impl)=False  supp(oracle)=False  status=expired
    OK   now=2026-08-11(Tue) 00:01:00  supp(impl)=False  supp(oracle)=False  status=expired

[B16] (weekly-bounded) 유효기간 시작이 occurrence 한가운데 (월 12:00 시작)
    type=weekly dow=0011111 daily=08:00:00~21:00:00 tz=Asia/Seoul
    valid=2026-08-10 03:00:00~2026-08-31 15:00:00 window=None~None revoked=None
    OK   now=2026-08-10(Mon) 11:59:00  supp(impl)=False  supp(oracle)=False  status=pending
    OK   now=2026-08-10(Mon) 11:59:59  supp(impl)=False  supp(oracle)=False  status=pending
    OK   now=2026-08-10(Mon) 12:00:00  supp(impl)=True  supp(oracle)=True  status=active  occ=[2026-08-10(Mon) 12:00:00 ~ 2026-08-10(Mon) 21:00:00]
    OK   now=2026-08-10(Mon) 12:00:01  supp(impl)=True  supp(oracle)=True  status=active  occ=[2026-08-10(Mon) 12:00:00 ~ 2026-08-10(Mon) 21:00:00]
    OK   now=2026-08-10(Mon) 12:01:00  supp(impl)=True  supp(oracle)=True  status=active  occ=[2026-08-10(Mon) 12:00:00 ~ 2026-08-10(Mon) 21:00:00]
    OK   now=2026-08-10(Mon) 09:00:00  supp(impl)=False  supp(oracle)=False  status=pending
    OK   now=2026-08-10(Mon) 20:00:00  supp(impl)=True  supp(oracle)=True  status=active  occ=[2026-08-10(Mon) 12:00:00 ~ 2026-08-10(Mon) 21:00:00]

[B17] (weekly-bounded) 유효기간 끝이 occurrence 한가운데 (금 15:00 종료)
    type=weekly dow=0011111 daily=08:00:00~21:00:00 tz=Asia/Seoul
    valid=2026-07-31 15:00:00~2026-08-14 06:00:00 window=None~None revoked=None
    OK   now=2026-08-14(Fri) 14:59:00  supp(impl)=True  supp(oracle)=True  status=active  occ=[2026-08-14(Fri) 08:00:00 ~ 2026-08-14(Fri) 15:00:00]
    OK   now=2026-08-14(Fri) 14:59:59  supp(impl)=True  supp(oracle)=True  status=active  occ=[2026-08-14(Fri) 08:00:00 ~ 2026-08-14(Fri) 15:00:00]
    OK   now=2026-08-14(Fri) 15:00:00  supp(impl)=False  supp(oracle)=False  status=expired
    OK   now=2026-08-14(Fri) 15:00:01  supp(impl)=False  supp(oracle)=False  status=expired
    OK   now=2026-08-14(Fri) 15:01:00  supp(impl)=False  supp(oracle)=False  status=expired
    OK   now=2026-08-14(Fri) 10:00:00  supp(impl)=True  supp(oracle)=True  status=active  occ=[2026-08-14(Fri) 08:00:00 ~ 2026-08-14(Fri) 15:00:00]
    OK   now=2026-08-14(Fri) 20:00:00  supp(impl)=False  supp(oracle)=False  status=expired

[B18] (weekly-bounded) 유효기간이 occurrence 를 하나도 안 포함(주말만 걸침)
    type=weekly dow=0011111 daily=08:00:00~21:00:00 tz=Asia/Seoul
    valid=2026-08-14 15:00:00~2026-08-16 15:00:00 window=None~None revoked=None
    OK   now=2026-08-15(Sat) 12:00:00  supp(impl)=False  supp(oracle)=False  status=idle
    OK   now=2026-08-16(Sun) 12:00:00  supp(impl)=False  supp(oracle)=False  status=idle

[B19] (weekly-bounded) 취소된 반복 창
    type=weekly dow=0011111 daily=08:00:00~21:00:00 tz=Asia/Seoul
    valid=2026-07-31 15:00:00~2026-08-31 15:00:00 window=None~None revoked=2026-08-12 01:00:00
    OK   now=2026-08-12(Wed) 09:59:00  supp(impl)=True  supp(oracle)=True  status=active  occ=[2026-08-12(Wed) 08:00:00 ~ 2026-08-12(Wed) 21:00:00]
    OK   now=2026-08-12(Wed) 09:59:59  supp(impl)=True  supp(oracle)=True  status=active  occ=[2026-08-12(Wed) 08:00:00 ~ 2026-08-12(Wed) 21:00:00]
    OK   now=2026-08-12(Wed) 10:00:00  supp(impl)=False  supp(oracle)=False  status=cancelled
    OK   now=2026-08-12(Wed) 10:00:01  supp(impl)=False  supp(oracle)=False  status=cancelled
    OK   now=2026-08-12(Wed) 10:01:00  supp(impl)=False  supp(oracle)=False  status=cancelled
    OK   now=2026-08-11(Tue) 12:00:00  supp(impl)=True  supp(oracle)=True  status=active  occ=[2026-08-11(Tue) 08:00:00 ~ 2026-08-11(Tue) 21:00:00]
    OK   now=2026-08-13(Thu) 12:00:00  supp(impl)=False  supp(oracle)=False  status=cancelled

[B20] (weekly-bounded) 월/수/금만
    type=weekly dow=0010101 daily=08:00:00~21:00:00 tz=Asia/Seoul
    valid=2026-07-31 15:00:00~2026-08-31 15:00:00 window=None~None revoked=None
    OK   now=2026-08-10(Mon) 12:00:00  supp(impl)=True  supp(oracle)=True  status=active  occ=[2026-08-10(Mon) 08:00:00 ~ 2026-08-10(Mon) 21:00:00]
    OK   now=2026-08-11(Tue) 12:00:00  supp(impl)=False  supp(oracle)=False  status=idle
    OK   now=2026-08-12(Wed) 12:00:00  supp(impl)=True  supp(oracle)=True  status=active  occ=[2026-08-12(Wed) 08:00:00 ~ 2026-08-12(Wed) 21:00:00]
    OK   now=2026-08-13(Thu) 12:00:00  supp(impl)=False  supp(oracle)=False  status=idle
    OK   now=2026-08-14(Fri) 12:00:00  supp(impl)=True  supp(oracle)=True  status=active  occ=[2026-08-14(Fri) 08:00:00 ~ 2026-08-14(Fri) 21:00:00]
    OK   now=2026-08-15(Sat) 12:00:00  supp(impl)=False  supp(oracle)=False  status=idle
    OK   now=2026-08-16(Sun) 12:00:00  supp(impl)=False  supp(oracle)=False  status=idle

[B21] (weekly-bounded) 짧은 일일창 1분
    type=weekly dow=0011111 daily=08:00:00~08:01:00 tz=Asia/Seoul
    valid=2026-07-31 15:00:00~2026-08-31 15:00:00 window=None~None revoked=None
    OK   now=2026-08-10(Mon) 07:59:00  supp(impl)=False  supp(oracle)=False  status=idle
    OK   now=2026-08-10(Mon) 07:59:59  supp(impl)=False  supp(oracle)=False  status=idle
    OK   now=2026-08-10(Mon) 08:00:00  supp(impl)=True  supp(oracle)=True  status=active  occ=[2026-08-10(Mon) 08:00:00 ~ 2026-08-10(Mon) 08:01:00]
    OK   now=2026-08-10(Mon) 08:00:01  supp(impl)=True  supp(oracle)=True  status=active  occ=[2026-08-10(Mon) 08:00:00 ~ 2026-08-10(Mon) 08:01:00]
    OK   now=2026-08-10(Mon) 08:01:00  supp(impl)=False  supp(oracle)=False  status=idle
    OK   now=2026-08-10(Mon) 08:00:00  supp(impl)=True  supp(oracle)=True  status=active  occ=[2026-08-10(Mon) 08:00:00 ~ 2026-08-10(Mon) 08:01:00]
    OK   now=2026-08-10(Mon) 08:00:59  supp(impl)=True  supp(oracle)=True  status=active  occ=[2026-08-10(Mon) 08:00:00 ~ 2026-08-10(Mon) 08:01:00]
    OK   now=2026-08-10(Mon) 08:01:00  supp(impl)=False  supp(oracle)=False  status=idle
    OK   now=2026-08-10(Mon) 08:01:01  supp(impl)=False  supp(oracle)=False  status=idle
    OK   now=2026-08-10(Mon) 08:02:00  supp(impl)=False  supp(oracle)=False  status=idle

[B22] (weekly-bounded) 일일창 00:00~23:59 (거의 종일)
    type=weekly dow=0011111 daily=00:00:00~23:59:00 tz=Asia/Seoul
    valid=2026-07-31 15:00:00~2026-08-31 15:00:00 window=None~None revoked=None
    OK   now=2026-08-09(Sun) 23:59:00  supp(impl)=False  supp(oracle)=False  status=idle
    OK   now=2026-08-09(Sun) 23:59:59  supp(impl)=False  supp(oracle)=False  status=idle
    OK   now=2026-08-10(Mon) 00:00:00  supp(impl)=True  supp(oracle)=True  status=active  occ=[2026-08-10(Mon) 00:00:00 ~ 2026-08-10(Mon) 23:59:00]
    OK   now=2026-08-10(Mon) 00:00:01  supp(impl)=True  supp(oracle)=True  status=active  occ=[2026-08-10(Mon) 00:00:00 ~ 2026-08-10(Mon) 23:59:00]
    OK   now=2026-08-10(Mon) 00:01:00  supp(impl)=True  supp(oracle)=True  status=active  occ=[2026-08-10(Mon) 00:00:00 ~ 2026-08-10(Mon) 23:59:00]
    OK   now=2026-08-10(Mon) 23:58:00  supp(impl)=True  supp(oracle)=True  status=active  occ=[2026-08-10(Mon) 00:00:00 ~ 2026-08-10(Mon) 23:59:00]
    OK   now=2026-08-10(Mon) 23:58:59  supp(impl)=True  supp(oracle)=True  status=active  occ=[2026-08-10(Mon) 00:00:00 ~ 2026-08-10(Mon) 23:59:00]
    OK   now=2026-08-10(Mon) 23:59:00  supp(impl)=False  supp(oracle)=False  status=idle
    OK   now=2026-08-10(Mon) 23:59:01  supp(impl)=False  supp(oracle)=False  status=idle
    OK   now=2026-08-11(Tue) 00:00:00  supp(impl)=True  supp(oracle)=True  status=active  occ=[2026-08-11(Tue) 00:00:00 ~ 2026-08-11(Tue) 23:59:00]

[B23] (weekly-bounded) valid_from == valid_until (빈 기간)
    type=weekly dow=0011111 daily=08:00:00~21:00:00 tz=Asia/Seoul
    valid=2026-08-09 15:00:00~2026-08-09 15:00:00 window=None~None revoked=None
    OK   now=2026-08-10(Mon) 12:00:00  supp(impl)=False  supp(oracle)=False  status=expired
    OK   now=2026-08-10(Mon) 08:00:00  supp(impl)=False  supp(oracle)=False  status=expired

[B24] (weekly-bounded) 긴 기간(1년) 월~금
    type=weekly dow=0011111 daily=08:00:00~21:00:00 tz=Asia/Seoul
    valid=2025-12-31 15:00:00~2026-12-31 15:00:00 window=None~None revoked=None
    OK   now=2026-03-10(Tue) 12:00:00  supp(impl)=True  supp(oracle)=True  status=active  occ=[2026-03-10(Tue) 08:00:00 ~ 2026-03-10(Tue) 21:00:00]
    OK   now=2026-07-15(Wed) 12:00:00  supp(impl)=True  supp(oracle)=True  status=active  occ=[2026-07-15(Wed) 08:00:00 ~ 2026-07-15(Wed) 21:00:00]
    OK   now=2026-11-20(Fri) 12:00:00  supp(impl)=True  supp(oracle)=True  status=active  occ=[2026-11-20(Fri) 08:00:00 ~ 2026-11-20(Fri) 21:00:00]
    OK   now=2026-03-14(Sat) 12:00:00  supp(impl)=False  supp(oracle)=False  status=idle

[B25] (weekly-bounded) days_of_week=0 (요일 미선택 — 무효)
    type=weekly dow=0000000 daily=08:00:00~21:00:00 tz=Asia/Seoul
    valid=2026-07-31 15:00:00~2026-08-31 15:00:00 window=None~None revoked=None
    OK   now=2026-08-10(Mon) 12:00:00  supp(impl)=False  supp(oracle)=False  status=idle
    OK   now=2026-08-11(Tue) 09:00:00  supp(impl)=False  supp(oracle)=False  status=idle

[C01] (weekly-unbounded) 무제한 월~금 08:00~21:00 (PM 요구 2)
    type=weekly dow=0011111 daily=08:00:00~21:00:00 tz=Asia/Seoul
    valid=2026-07-31 15:00:00~None window=None~None revoked=None
    OK   now=2026-08-10(Mon) 07:59:00  supp(impl)=False  supp(oracle)=False  status=idle
    OK   now=2026-08-10(Mon) 07:59:59  supp(impl)=False  supp(oracle)=False  status=idle
    OK   now=2026-08-10(Mon) 08:00:00  supp(impl)=True  supp(oracle)=True  status=active  occ=[2026-08-10(Mon) 08:00:00 ~ 2026-08-10(Mon) 21:00:00]
    OK   now=2026-08-10(Mon) 08:00:01  supp(impl)=True  supp(oracle)=True  status=active  occ=[2026-08-10(Mon) 08:00:00 ~ 2026-08-10(Mon) 21:00:00]
    OK   now=2026-08-10(Mon) 08:01:00  supp(impl)=True  supp(oracle)=True  status=active  occ=[2026-08-10(Mon) 08:00:00 ~ 2026-08-10(Mon) 21:00:00]
    OK   now=2026-08-10(Mon) 20:59:00  supp(impl)=True  supp(oracle)=True  status=active  occ=[2026-08-10(Mon) 08:00:00 ~ 2026-08-10(Mon) 21:00:00]
    OK   now=2026-08-10(Mon) 20:59:59  supp(impl)=True  supp(oracle)=True  status=active  occ=[2026-08-10(Mon) 08:00:00 ~ 2026-08-10(Mon) 21:00:00]
    OK   now=2026-08-10(Mon) 21:00:00  supp(impl)=False  supp(oracle)=False  status=idle
    OK   now=2026-08-10(Mon) 21:00:01  supp(impl)=False  supp(oracle)=False  status=idle
    OK   now=2026-08-10(Mon) 21:01:00  supp(impl)=False  supp(oracle)=False  status=idle
    OK   now=2027-05-10(Mon) 12:00:00  supp(impl)=True  supp(oracle)=True  status=active  occ=[2027-05-10(Mon) 08:00:00 ~ 2027-05-10(Mon) 21:00:00]
    OK   now=2030-01-07(Mon) 12:00:00  supp(impl)=True  supp(oracle)=True  status=active  occ=[2030-01-07(Mon) 08:00:00 ~ 2030-01-07(Mon) 21:00:00]
    OK   now=2026-08-15(Sat) 12:00:00  supp(impl)=False  supp(oracle)=False  status=idle

[C02] (weekly-unbounded) 무제한 + valid_from 도 None (즉시~영구)
    type=weekly dow=0011111 daily=08:00:00~21:00:00 tz=Asia/Seoul
    valid=None~None window=None~None revoked=None
    OK   now=2026-08-10(Mon) 12:00:00  supp(impl)=True  supp(oracle)=True  status=active  occ=[2026-08-10(Mon) 08:00:00 ~ 2026-08-10(Mon) 21:00:00]
    OK   now=2026-08-15(Sat) 12:00:00  supp(impl)=False  supp(oracle)=False  status=idle
    OK   now=2020-03-04(Wed) 12:00:00  supp(impl)=True  supp(oracle)=True  status=active  occ=[2020-03-04(Wed) 08:00:00 ~ 2020-03-04(Wed) 21:00:00]
    OK   now=2035-06-06(Wed) 12:00:00  supp(impl)=True  supp(oracle)=True  status=active  occ=[2035-06-06(Wed) 08:00:00 ~ 2035-06-06(Wed) 21:00:00]

[C03] (weekly-unbounded) 무제한 — valid_from 이 미래
    type=weekly dow=0011111 daily=08:00:00~21:00:00 tz=Asia/Seoul
    valid=2026-11-30 15:00:00~None window=None~None revoked=None
    OK   now=2026-12-01(Tue) 07:59:00  supp(impl)=False  supp(oracle)=False  status=idle
    OK   now=2026-12-01(Tue) 07:59:59  supp(impl)=False  supp(oracle)=False  status=idle
    OK   now=2026-12-01(Tue) 08:00:00  supp(impl)=True  supp(oracle)=True  status=active  occ=[2026-12-01(Tue) 08:00:00 ~ 2026-12-01(Tue) 21:00:00]
    OK   now=2026-12-01(Tue) 08:00:01  supp(impl)=True  supp(oracle)=True  status=active  occ=[2026-12-01(Tue) 08:00:00 ~ 2026-12-01(Tue) 21:00:00]
    OK   now=2026-12-01(Tue) 08:01:00  supp(impl)=True  supp(oracle)=True  status=active  occ=[2026-12-01(Tue) 08:00:00 ~ 2026-12-01(Tue) 21:00:00]
    OK   now=2026-08-10(Mon) 12:00:00  supp(impl)=False  supp(oracle)=False  status=pending
    OK   now=2026-12-02(Wed) 12:00:00  supp(impl)=True  supp(oracle)=True  status=active  occ=[2026-12-02(Wed) 08:00:00 ~ 2026-12-02(Wed) 21:00:00]

[C04] (weekly-unbounded) 무제한 주말 야간
    type=weekly dow=1100000 daily=20:00:00~23:00:00 tz=Asia/Seoul
    valid=2026-07-31 15:00:00~None window=None~None revoked=None
    OK   now=2026-08-15(Sat) 21:00:00  supp(impl)=True  supp(oracle)=True  status=active  occ=[2026-08-15(Sat) 20:00:00 ~ 2026-08-15(Sat) 23:00:00]
    OK   now=2026-08-15(Sat) 19:00:00  supp(impl)=False  supp(oracle)=False  status=idle
    OK   now=2026-08-17(Mon) 21:00:00  supp(impl)=False  supp(oracle)=False  status=idle

[C05] (weekly-unbounded) 무제한 — 취소
    type=weekly dow=0011111 daily=08:00:00~21:00:00 tz=Asia/Seoul
    valid=2026-07-31 15:00:00~None window=None~None revoked=2026-08-11 15:00:00
    OK   now=2026-08-11(Tue) 12:00:00  supp(impl)=True  supp(oracle)=True  status=active  occ=[2026-08-11(Tue) 08:00:00 ~ 2026-08-11(Tue) 21:00:00]
    OK   now=2026-08-13(Thu) 12:00:00  supp(impl)=False  supp(oracle)=False  status=cancelled
    OK   now=2027-01-05(Tue) 12:00:00  supp(impl)=False  supp(oracle)=False  status=cancelled

[C06] (weekly-unbounded) 무제한 월~금 00:00:00~12:00:00
    type=weekly dow=0011111 daily=00:00:00~12:00:00 tz=Asia/Seoul
    valid=2026-07-31 15:00:00~None window=None~None revoked=None
    OK   now=2026-08-09(Sun) 23:59:00  supp(impl)=False  supp(oracle)=False  status=idle
    OK   now=2026-08-09(Sun) 23:59:59  supp(impl)=False  supp(oracle)=False  status=idle
    OK   now=2026-08-10(Mon) 00:00:00  supp(impl)=True  supp(oracle)=True  status=active  occ=[2026-08-10(Mon) 00:00:00 ~ 2026-08-10(Mon) 12:00:00]
    OK   now=2026-08-10(Mon) 00:00:01  supp(impl)=True  supp(oracle)=True  status=active  occ=[2026-08-10(Mon) 00:00:00 ~ 2026-08-10(Mon) 12:00:00]
    OK   now=2026-08-10(Mon) 00:01:00  supp(impl)=True  supp(oracle)=True  status=active  occ=[2026-08-10(Mon) 00:00:00 ~ 2026-08-10(Mon) 12:00:00]

[C07] (weekly-unbounded) 무제한 월~금 12:00:00~23:59:00
    type=weekly dow=0011111 daily=12:00:00~23:59:00 tz=Asia/Seoul
    valid=2026-07-31 15:00:00~None window=None~None revoked=None
    OK   now=2026-08-10(Mon) 11:59:00  supp(impl)=False  supp(oracle)=False  status=idle
    OK   now=2026-08-10(Mon) 11:59:59  supp(impl)=False  supp(oracle)=False  status=idle
    OK   now=2026-08-10(Mon) 12:00:00  supp(impl)=True  supp(oracle)=True  status=active  occ=[2026-08-10(Mon) 12:00:00 ~ 2026-08-10(Mon) 23:59:00]
    OK   now=2026-08-10(Mon) 12:00:01  supp(impl)=True  supp(oracle)=True  status=active  occ=[2026-08-10(Mon) 12:00:00 ~ 2026-08-10(Mon) 23:59:00]
    OK   now=2026-08-10(Mon) 12:01:00  supp(impl)=True  supp(oracle)=True  status=active  occ=[2026-08-10(Mon) 12:00:00 ~ 2026-08-10(Mon) 23:59:00]

[C08] (weekly-unbounded) 무제한 월~금 06:30:00~07:15:00
    type=weekly dow=0011111 daily=06:30:00~07:15:00 tz=Asia/Seoul
    valid=2026-07-31 15:00:00~None window=None~None revoked=None
    OK   now=2026-08-10(Mon) 06:29:00  supp(impl)=False  supp(oracle)=False  status=idle
    OK   now=2026-08-10(Mon) 06:29:59  supp(impl)=False  supp(oracle)=False  status=idle
    OK   now=2026-08-10(Mon) 06:30:00  supp(impl)=True  supp(oracle)=True  status=active  occ=[2026-08-10(Mon) 06:30:00 ~ 2026-08-10(Mon) 07:15:00]
    OK   now=2026-08-10(Mon) 06:30:01  supp(impl)=True  supp(oracle)=True  status=active  occ=[2026-08-10(Mon) 06:30:00 ~ 2026-08-10(Mon) 07:15:00]
    OK   now=2026-08-10(Mon) 06:31:00  supp(impl)=True  supp(oracle)=True  status=active  occ=[2026-08-10(Mon) 06:30:00 ~ 2026-08-10(Mon) 07:15:00]

[C09] (weekly-unbounded) 무제한 월~금 01:05:00~01:06:00
    type=weekly dow=0011111 daily=01:05:00~01:06:00 tz=Asia/Seoul
    valid=2026-07-31 15:00:00~None window=None~None revoked=None
    OK   now=2026-08-10(Mon) 01:04:00  supp(impl)=False  supp(oracle)=False  status=idle
    OK   now=2026-08-10(Mon) 01:04:59  supp(impl)=False  supp(oracle)=False  status=idle
    OK   now=2026-08-10(Mon) 01:05:00  supp(impl)=True  supp(oracle)=True  status=active  occ=[2026-08-10(Mon) 01:05:00 ~ 2026-08-10(Mon) 01:06:00]
    OK   now=2026-08-10(Mon) 01:05:01  supp(impl)=True  supp(oracle)=True  status=active  occ=[2026-08-10(Mon) 01:05:00 ~ 2026-08-10(Mon) 01:06:00]
    OK   now=2026-08-10(Mon) 01:06:00  supp(impl)=False  supp(oracle)=False  status=idle

[C10] (weekly-unbounded) 무제한 월~금 09:00:00~09:30:00
    type=weekly dow=0011111 daily=09:00:00~09:30:00 tz=Asia/Seoul
    valid=2026-07-31 15:00:00~None window=None~None revoked=None
    OK   now=2026-08-10(Mon) 08:59:00  supp(impl)=False  supp(oracle)=False  status=idle
    OK   now=2026-08-10(Mon) 08:59:59  supp(impl)=False  supp(oracle)=False  status=idle
    OK   now=2026-08-10(Mon) 09:00:00  supp(impl)=True  supp(oracle)=True  status=active  occ=[2026-08-10(Mon) 09:00:00 ~ 2026-08-10(Mon) 09:30:00]
    OK   now=2026-08-10(Mon) 09:00:01  supp(impl)=True  supp(oracle)=True  status=active  occ=[2026-08-10(Mon) 09:00:00 ~ 2026-08-10(Mon) 09:30:00]
    OK   now=2026-08-10(Mon) 09:01:00  supp(impl)=True  supp(oracle)=True  status=active  occ=[2026-08-10(Mon) 09:00:00 ~ 2026-08-10(Mon) 09:30:00]

[C11] (weekly-unbounded) 무제한 월~금 18:45:00~19:00:00
    type=weekly dow=0011111 daily=18:45:00~19:00:00 tz=Asia/Seoul
    valid=2026-07-31 15:00:00~None window=None~None revoked=None
    OK   now=2026-08-10(Mon) 18:44:00  supp(impl)=False  supp(oracle)=False  status=idle
    OK   now=2026-08-10(Mon) 18:44:59  supp(impl)=False  supp(oracle)=False  status=idle
    OK   now=2026-08-10(Mon) 18:45:00  supp(impl)=True  supp(oracle)=True  status=active  occ=[2026-08-10(Mon) 18:45:00 ~ 2026-08-10(Mon) 19:00:00]
    OK   now=2026-08-10(Mon) 18:45:01  supp(impl)=True  supp(oracle)=True  status=active  occ=[2026-08-10(Mon) 18:45:00 ~ 2026-08-10(Mon) 19:00:00]
    OK   now=2026-08-10(Mon) 18:46:00  supp(impl)=True  supp(oracle)=True  status=active  occ=[2026-08-10(Mon) 18:45:00 ~ 2026-08-10(Mon) 19:00:00]

[C12] (weekly-unbounded) 무제한 월~금 23:00:00~23:59:00
    type=weekly dow=0011111 daily=23:00:00~23:59:00 tz=Asia/Seoul
    valid=2026-07-31 15:00:00~None window=None~None revoked=None
    OK   now=2026-08-10(Mon) 22:59:00  supp(impl)=False  supp(oracle)=False  status=idle
    OK   now=2026-08-10(Mon) 22:59:59  supp(impl)=False  supp(oracle)=False  status=idle
    OK   now=2026-08-10(Mon) 23:00:00  supp(impl)=True  supp(oracle)=True  status=active  occ=[2026-08-10(Mon) 23:00:00 ~ 2026-08-10(Mon) 23:59:00]
    OK   now=2026-08-10(Mon) 23:00:01  supp(impl)=True  supp(oracle)=True  status=active  occ=[2026-08-10(Mon) 23:00:00 ~ 2026-08-10(Mon) 23:59:00]
    OK   now=2026-08-10(Mon) 23:01:00  supp(impl)=True  supp(oracle)=True  status=active  occ=[2026-08-10(Mon) 23:00:00 ~ 2026-08-10(Mon) 23:59:00]

[D01] (overnight) 야간 22:00~06:00 월~금 (월 시작분)
    type=weekly dow=0011111 daily=22:00:00~06:00:00 tz=Asia/Seoul
    valid=2026-07-31 15:00:00~2026-08-31 15:00:00 window=None~None revoked=None
    OK   now=2026-08-10(Mon) 21:59:00  supp(impl)=False  supp(oracle)=False  status=idle
    OK   now=2026-08-10(Mon) 21:59:59  supp(impl)=False  supp(oracle)=False  status=idle
    OK   now=2026-08-10(Mon) 22:00:00  supp(impl)=True  supp(oracle)=True  status=active  occ=[2026-08-10(Mon) 22:00:00 ~ 2026-08-11(Tue) 06:00:00]
    OK   now=2026-08-10(Mon) 22:00:01  supp(impl)=True  supp(oracle)=True  status=active  occ=[2026-08-10(Mon) 22:00:00 ~ 2026-08-11(Tue) 06:00:00]
    OK   now=2026-08-10(Mon) 22:01:00  supp(impl)=True  supp(oracle)=True  status=active  occ=[2026-08-10(Mon) 22:00:00 ~ 2026-08-11(Tue) 06:00:00]
    OK   now=2026-08-11(Tue) 05:59:00  supp(impl)=True  supp(oracle)=True  status=active  occ=[2026-08-10(Mon) 22:00:00 ~ 2026-08-11(Tue) 06:00:00]
    OK   now=2026-08-11(Tue) 05:59:59  supp(impl)=True  supp(oracle)=True  status=active  occ=[2026-08-10(Mon) 22:00:00 ~ 2026-08-11(Tue) 06:00:00]
    OK   now=2026-08-11(Tue) 06:00:00  supp(impl)=False  supp(oracle)=False  status=idle
    OK   now=2026-08-11(Tue) 06:00:01  supp(impl)=False  supp(oracle)=False  status=idle
    OK   now=2026-08-11(Tue) 06:01:00  supp(impl)=False  supp(oracle)=False  status=idle
    OK   now=2026-08-11(Tue) 02:00:00  supp(impl)=True  supp(oracle)=True  status=active  occ=[2026-08-10(Mon) 22:00:00 ~ 2026-08-11(Tue) 06:00:00]
    OK   now=2026-08-10(Mon) 21:30:00  supp(impl)=False  supp(oracle)=False  status=idle
    OK   now=2026-08-11(Tue) 07:00:00  supp(impl)=False  supp(oracle)=False  status=idle

[D02] (overnight) 야간 22:00~06:00 — 금요일 시작분은 토요일 새벽까지
    type=weekly dow=0011111 daily=22:00:00~06:00:00 tz=Asia/Seoul
    valid=2026-07-31 15:00:00~2026-08-31 15:00:00 window=None~None revoked=None
    OK   now=2026-08-14(Fri) 23:00:00  supp(impl)=True  supp(oracle)=True  status=active  occ=[2026-08-14(Fri) 22:00:00 ~ 2026-08-15(Sat) 06:00:00]
    OK   now=2026-08-15(Sat) 03:00:00  supp(impl)=True  supp(oracle)=True  status=active  occ=[2026-08-14(Fri) 22:00:00 ~ 2026-08-15(Sat) 06:00:00]
    OK   now=2026-08-15(Sat) 07:00:00  supp(impl)=False  supp(oracle)=False  status=idle
    OK   now=2026-08-15(Sat) 23:00:00  supp(impl)=False  supp(oracle)=False  status=idle

[D03] (overnight) 야간 — 일요일 시작분은 월요일 새벽까지(일 미선택 시 없어야)
    type=weekly dow=0011111 daily=22:00:00~06:00:00 tz=Asia/Seoul
    valid=2026-07-31 15:00:00~2026-08-31 15:00:00 window=None~None revoked=None
    OK   now=2026-08-16(Sun) 23:00:00  supp(impl)=False  supp(oracle)=False  status=idle
    OK   now=2026-08-17(Mon) 03:00:00  supp(impl)=False  supp(oracle)=False  status=idle
    OK   now=2026-08-17(Mon) 23:00:00  supp(impl)=True  supp(oracle)=True  status=active  occ=[2026-08-17(Mon) 22:00:00 ~ 2026-08-18(Tue) 06:00:00]

[D04] (overnight) 야간 23:59~00:01 (극단적으로 짧은 자정 넘김)
    type=weekly dow=1111111 daily=23:59:00~00:01:00 tz=Asia/Seoul
    valid=2026-07-31 15:00:00~2026-08-31 15:00:00 window=None~None revoked=None
    OK   now=2026-08-10(Mon) 23:58:00  supp(impl)=False  supp(oracle)=False  status=idle
    OK   now=2026-08-10(Mon) 23:58:59  supp(impl)=False  supp(oracle)=False  status=idle
    OK   now=2026-08-10(Mon) 23:59:00  supp(impl)=True  supp(oracle)=True  status=active  occ=[2026-08-10(Mon) 23:59:00 ~ 2026-08-11(Tue) 00:01:00]
    OK   now=2026-08-10(Mon) 23:59:01  supp(impl)=True  supp(oracle)=True  status=active  occ=[2026-08-10(Mon) 23:59:00 ~ 2026-08-11(Tue) 00:01:00]
    OK   now=2026-08-11(Tue) 00:00:00  supp(impl)=True  supp(oracle)=True  status=active  occ=[2026-08-10(Mon) 23:59:00 ~ 2026-08-11(Tue) 00:01:00]
    OK   now=2026-08-11(Tue) 00:00:00  supp(impl)=True  supp(oracle)=True  status=active  occ=[2026-08-10(Mon) 23:59:00 ~ 2026-08-11(Tue) 00:01:00]
    OK   now=2026-08-11(Tue) 00:00:59  supp(impl)=True  supp(oracle)=True  status=active  occ=[2026-08-10(Mon) 23:59:00 ~ 2026-08-11(Tue) 00:01:00]
    OK   now=2026-08-11(Tue) 00:01:00  supp(impl)=False  supp(oracle)=False  status=idle
    OK   now=2026-08-11(Tue) 00:01:01  supp(impl)=False  supp(oracle)=False  status=idle
    OK   now=2026-08-11(Tue) 00:02:00  supp(impl)=False  supp(oracle)=False  status=idle

[D05] (overnight) 야간 20:00~08:00 (12시간)
    type=weekly dow=0011111 daily=20:00:00~08:00:00 tz=Asia/Seoul
    valid=2026-07-31 15:00:00~2026-08-31 15:00:00 window=None~None revoked=None
    OK   now=2026-08-10(Mon) 19:59:00  supp(impl)=False  supp(oracle)=False  status=idle
    OK   now=2026-08-10(Mon) 19:59:59  supp(impl)=False  supp(oracle)=False  status=idle
    OK   now=2026-08-10(Mon) 20:00:00  supp(impl)=True  supp(oracle)=True  status=active  occ=[2026-08-10(Mon) 20:00:00 ~ 2026-08-11(Tue) 08:00:00]
    OK   now=2026-08-10(Mon) 20:00:01  supp(impl)=True  supp(oracle)=True  status=active  occ=[2026-08-10(Mon) 20:00:00 ~ 2026-08-11(Tue) 08:00:00]
    OK   now=2026-08-10(Mon) 20:01:00  supp(impl)=True  supp(oracle)=True  status=active  occ=[2026-08-10(Mon) 20:00:00 ~ 2026-08-11(Tue) 08:00:00]
    OK   now=2026-08-11(Tue) 07:59:00  supp(impl)=True  supp(oracle)=True  status=active  occ=[2026-08-10(Mon) 20:00:00 ~ 2026-08-11(Tue) 08:00:00]
    OK   now=2026-08-11(Tue) 07:59:59  supp(impl)=True  supp(oracle)=True  status=active  occ=[2026-08-10(Mon) 20:00:00 ~ 2026-08-11(Tue) 08:00:00]
    OK   now=2026-08-11(Tue) 08:00:00  supp(impl)=False  supp(oracle)=False  status=idle
    OK   now=2026-08-11(Tue) 08:00:01  supp(impl)=False  supp(oracle)=False  status=idle
    OK   now=2026-08-11(Tue) 08:01:00  supp(impl)=False  supp(oracle)=False  status=idle
    OK   now=2026-08-11(Tue) 04:00:00  supp(impl)=True  supp(oracle)=True  status=active  occ=[2026-08-10(Mon) 20:00:00 ~ 2026-08-11(Tue) 08:00:00]

[D06] (overnight) 야간 + 유효기간 끝이 새벽 구간 중간
    type=weekly dow=0011111 daily=22:00:00~06:00:00 tz=Asia/Seoul
    valid=2026-07-31 15:00:00~2026-08-11 18:00:00 window=None~None revoked=None
    OK   now=2026-08-12(Wed) 02:59:00  supp(impl)=True  supp(oracle)=True  status=active  occ=[2026-08-11(Tue) 22:00:00 ~ 2026-08-12(Wed) 03:00:00]
    OK   now=2026-08-12(Wed) 02:59:59  supp(impl)=True  supp(oracle)=True  status=active  occ=[2026-08-11(Tue) 22:00:00 ~ 2026-08-12(Wed) 03:00:00]
    OK   now=2026-08-12(Wed) 03:00:00  supp(impl)=False  supp(oracle)=False  status=expired
    OK   now=2026-08-12(Wed) 03:00:01  supp(impl)=False  supp(oracle)=False  status=expired
    OK   now=2026-08-12(Wed) 03:01:00  supp(impl)=False  supp(oracle)=False  status=expired
    OK   now=2026-08-12(Wed) 01:00:00  supp(impl)=True  supp(oracle)=True  status=active  occ=[2026-08-11(Tue) 22:00:00 ~ 2026-08-12(Wed) 03:00:00]
    OK   now=2026-08-12(Wed) 05:00:00  supp(impl)=False  supp(oracle)=False  status=expired

[D07] (overnight) 야간 + 유효기간 시작이 새벽 구간 중간
    type=weekly dow=0011111 daily=22:00:00~06:00:00 tz=Asia/Seoul
    valid=2026-08-10 18:00:00~2026-08-31 15:00:00 window=None~None revoked=None
    OK   now=2026-08-11(Tue) 02:59:00  supp(impl)=False  supp(oracle)=False  status=pending
    OK   now=2026-08-11(Tue) 02:59:59  supp(impl)=False  supp(oracle)=False  status=pending
    OK   now=2026-08-11(Tue) 03:00:00  supp(impl)=True  supp(oracle)=True  status=active  occ=[2026-08-11(Tue) 03:00:00 ~ 2026-08-11(Tue) 06:00:00]
    OK   now=2026-08-11(Tue) 03:00:01  supp(impl)=True  supp(oracle)=True  status=active  occ=[2026-08-11(Tue) 03:00:00 ~ 2026-08-11(Tue) 06:00:00]
    OK   now=2026-08-11(Tue) 03:01:00  supp(impl)=True  supp(oracle)=True  status=active  occ=[2026-08-11(Tue) 03:00:00 ~ 2026-08-11(Tue) 06:00:00]
    OK   now=2026-08-11(Tue) 01:00:00  supp(impl)=False  supp(oracle)=False  status=pending
    OK   now=2026-08-11(Tue) 05:00:00  supp(impl)=True  supp(oracle)=True  status=active  occ=[2026-08-11(Tue) 03:00:00 ~ 2026-08-11(Tue) 06:00:00]

[D08] (overnight) 야간 무제한
    type=weekly dow=0011111 daily=22:00:00~06:00:00 tz=Asia/Seoul
    valid=2026-07-31 15:00:00~None window=None~None revoked=None
    OK   now=2027-03-09(Tue) 02:00:00  supp(impl)=True  supp(oracle)=True  status=active  occ=[2027-03-08(Mon) 22:00:00 ~ 2027-03-09(Tue) 06:00:00]
    OK   now=2027-03-09(Tue) 23:00:00  supp(impl)=True  supp(oracle)=True  status=active  occ=[2027-03-09(Tue) 22:00:00 ~ 2027-03-10(Wed) 06:00:00]
    OK   now=2027-03-14(Sun) 02:00:00  supp(impl)=False  supp(oracle)=False  status=idle

[D09] (overnight) 토요일만 야간 (일요일 새벽까지 이어짐)
    type=weekly dow=0100000 daily=23:00:00~05:00:00 tz=Asia/Seoul
    valid=2026-07-31 15:00:00~2026-08-31 15:00:00 window=None~None revoked=None
    OK   now=2026-08-15(Sat) 23:30:00  supp(impl)=True  supp(oracle)=True  status=active  occ=[2026-08-15(Sat) 23:00:00 ~ 2026-08-16(Sun) 05:00:00]
    OK   now=2026-08-16(Sun) 03:00:00  supp(impl)=True  supp(oracle)=True  status=active  occ=[2026-08-15(Sat) 23:00:00 ~ 2026-08-16(Sun) 05:00:00]
    OK   now=2026-08-16(Sun) 23:30:00  supp(impl)=False  supp(oracle)=False  status=idle
    OK   now=2026-08-16(Sun) 06:00:00  supp(impl)=False  supp(oracle)=False  status=idle

[D10] (overnight) 일요일만 야간 (월요일 새벽까지)
    type=weekly dow=1000000 daily=23:00:00~05:00:00 tz=Asia/Seoul
    valid=2026-07-31 15:00:00~2026-08-31 15:00:00 window=None~None revoked=None
    OK   now=2026-08-16(Sun) 23:30:00  supp(impl)=True  supp(oracle)=True  status=active  occ=[2026-08-16(Sun) 23:00:00 ~ 2026-08-17(Mon) 05:00:00]
    OK   now=2026-08-17(Mon) 03:00:00  supp(impl)=True  supp(oracle)=True  status=active  occ=[2026-08-16(Sun) 23:00:00 ~ 2026-08-17(Mon) 05:00:00]
    OK   now=2026-08-17(Mon) 23:30:00  supp(impl)=False  supp(oracle)=False  status=idle

[D11] (overnight) 자정 넘김 21:00:00~03:00:00 월~금
    type=weekly dow=0011111 daily=21:00:00~03:00:00 tz=Asia/Seoul
    valid=2026-07-31 15:00:00~2026-08-31 15:00:00 window=None~None revoked=None
    OK   now=2026-08-10(Mon) 23:00:00  supp(impl)=True  supp(oracle)=True  status=active  occ=[2026-08-10(Mon) 21:00:00 ~ 2026-08-11(Tue) 03:00:00]
    OK   now=2026-08-11(Tue) 02:00:00  supp(impl)=True  supp(oracle)=True  status=active  occ=[2026-08-10(Mon) 21:00:00 ~ 2026-08-11(Tue) 03:00:00]
    OK   now=2026-08-11(Tue) 12:00:00  supp(impl)=False  supp(oracle)=False  status=idle
    OK   now=2026-08-15(Sat) 02:00:00  supp(impl)=True  supp(oracle)=True  status=active  occ=[2026-08-14(Fri) 21:00:00 ~ 2026-08-15(Sat) 03:00:00]
    OK   now=2026-08-16(Sun) 23:00:00  supp(impl)=False  supp(oracle)=False  status=idle

[D12] (overnight) 자정 넘김 23:00:00~01:00:00 월~금
    type=weekly dow=0011111 daily=23:00:00~01:00:00 tz=Asia/Seoul
    valid=2026-07-31 15:00:00~2026-08-31 15:00:00 window=None~None revoked=None
    OK   now=2026-08-10(Mon) 23:00:00  supp(impl)=True  supp(oracle)=True  status=active  occ=[2026-08-10(Mon) 23:00:00 ~ 2026-08-11(Tue) 01:00:00]
    OK   now=2026-08-11(Tue) 02:00:00  supp(impl)=False  supp(oracle)=False  status=idle
    OK   now=2026-08-11(Tue) 12:00:00  supp(impl)=False  supp(oracle)=False  status=idle
    OK   now=2026-08-15(Sat) 02:00:00  supp(impl)=False  supp(oracle)=False  status=idle
    OK   now=2026-08-16(Sun) 23:00:00  supp(impl)=False  supp(oracle)=False  status=idle

[D13] (overnight) 자정 넘김 18:00:00~09:00:00 월~금
    type=weekly dow=0011111 daily=18:00:00~09:00:00 tz=Asia/Seoul
    valid=2026-07-31 15:00:00~2026-08-31 15:00:00 window=None~None revoked=None
    OK   now=2026-08-10(Mon) 23:00:00  supp(impl)=True  supp(oracle)=True  status=active  occ=[2026-08-10(Mon) 18:00:00 ~ 2026-08-11(Tue) 09:00:00]
    OK   now=2026-08-11(Tue) 02:00:00  supp(impl)=True  supp(oracle)=True  status=active  occ=[2026-08-10(Mon) 18:00:00 ~ 2026-08-11(Tue) 09:00:00]
    OK   now=2026-08-11(Tue) 12:00:00  supp(impl)=False  supp(oracle)=False  status=idle
    OK   now=2026-08-15(Sat) 02:00:00  supp(impl)=True  supp(oracle)=True  status=active  occ=[2026-08-14(Fri) 18:00:00 ~ 2026-08-15(Sat) 09:00:00]
    OK   now=2026-08-16(Sun) 23:00:00  supp(impl)=False  supp(oracle)=False  status=idle

[D14] (overnight) 자정 넘김 22:30:00~06:30:00 월~금
    type=weekly dow=0011111 daily=22:30:00~06:30:00 tz=Asia/Seoul
    valid=2026-07-31 15:00:00~2026-08-31 15:00:00 window=None~None revoked=None
    OK   now=2026-08-10(Mon) 23:00:00  supp(impl)=True  supp(oracle)=True  status=active  occ=[2026-08-10(Mon) 22:30:00 ~ 2026-08-11(Tue) 06:30:00]
    OK   now=2026-08-11(Tue) 02:00:00  supp(impl)=True  supp(oracle)=True  status=active  occ=[2026-08-10(Mon) 22:30:00 ~ 2026-08-11(Tue) 06:30:00]
    OK   now=2026-08-11(Tue) 12:00:00  supp(impl)=False  supp(oracle)=False  status=idle
    OK   now=2026-08-15(Sat) 02:00:00  supp(impl)=True  supp(oracle)=True  status=active  occ=[2026-08-14(Fri) 22:30:00 ~ 2026-08-15(Sat) 06:30:00]
    OK   now=2026-08-16(Sun) 23:00:00  supp(impl)=False  supp(oracle)=False  status=idle

[D15] (overnight) 자정 넘김 00:30:00~00:15:00 월~금
    type=weekly dow=0011111 daily=00:30:00~00:15:00 tz=Asia/Seoul
    valid=2026-07-31 15:00:00~2026-08-31 15:00:00 window=None~None revoked=None
    OK   now=2026-08-10(Mon) 23:00:00  supp(impl)=True  supp(oracle)=True  status=active  occ=[2026-08-10(Mon) 00:30:00 ~ 2026-08-11(Tue) 00:15:00]
    OK   now=2026-08-11(Tue) 02:00:00  supp(impl)=True  supp(oracle)=True  status=active  occ=[2026-08-11(Tue) 00:30:00 ~ 2026-08-12(Wed) 00:15:00]
    OK   now=2026-08-11(Tue) 12:00:00  supp(impl)=True  supp(oracle)=True  status=active  occ=[2026-08-11(Tue) 00:30:00 ~ 2026-08-12(Wed) 00:15:00]
    OK   now=2026-08-15(Sat) 02:00:00  supp(impl)=False  supp(oracle)=False  status=idle
    OK   now=2026-08-16(Sun) 23:00:00  supp(impl)=False  supp(oracle)=False  status=idle

[D16] (overnight) 자정 넘김 12:00:00~11:00:00 월~금
    type=weekly dow=0011111 daily=12:00:00~11:00:00 tz=Asia/Seoul
    valid=2026-07-31 15:00:00~2026-08-31 15:00:00 window=None~None revoked=None
    OK   now=2026-08-10(Mon) 23:00:00  supp(impl)=True  supp(oracle)=True  status=active  occ=[2026-08-10(Mon) 12:00:00 ~ 2026-08-11(Tue) 11:00:00]
    OK   now=2026-08-11(Tue) 02:00:00  supp(impl)=True  supp(oracle)=True  status=active  occ=[2026-08-10(Mon) 12:00:00 ~ 2026-08-11(Tue) 11:00:00]
    OK   now=2026-08-11(Tue) 12:00:00  supp(impl)=True  supp(oracle)=True  status=active  occ=[2026-08-11(Tue) 12:00:00 ~ 2026-08-12(Wed) 11:00:00]
    OK   now=2026-08-15(Sat) 02:00:00  supp(impl)=True  supp(oracle)=True  status=active  occ=[2026-08-14(Fri) 12:00:00 ~ 2026-08-15(Sat) 11:00:00]
    OK   now=2026-08-16(Sun) 23:00:00  supp(impl)=False  supp(oracle)=False  status=idle

[D17] (overnight) 자정 넘김 23:59:00~23:58:00 월~금
    type=weekly dow=0011111 daily=23:59:00~23:58:00 tz=Asia/Seoul
    valid=2026-07-31 15:00:00~2026-08-31 15:00:00 window=None~None revoked=None
    OK   now=2026-08-10(Mon) 23:00:00  supp(impl)=False  supp(oracle)=False  status=idle
    OK   now=2026-08-11(Tue) 02:00:00  supp(impl)=True  supp(oracle)=True  status=active  occ=[2026-08-10(Mon) 23:59:00 ~ 2026-08-11(Tue) 23:58:00]
    OK   now=2026-08-11(Tue) 12:00:00  supp(impl)=True  supp(oracle)=True  status=active  occ=[2026-08-10(Mon) 23:59:00 ~ 2026-08-11(Tue) 23:58:00]
    OK   now=2026-08-15(Sat) 02:00:00  supp(impl)=True  supp(oracle)=True  status=active  occ=[2026-08-14(Fri) 23:59:00 ~ 2026-08-15(Sat) 23:58:00]
    OK   now=2026-08-16(Sun) 23:00:00  supp(impl)=False  supp(oracle)=False  status=idle

[D18] (overnight) 자정 넘김 02:00:00~01:00:00 월~금
    type=weekly dow=0011111 daily=02:00:00~01:00:00 tz=Asia/Seoul
    valid=2026-07-31 15:00:00~2026-08-31 15:00:00 window=None~None revoked=None
    OK   now=2026-08-10(Mon) 23:00:00  supp(impl)=True  supp(oracle)=True  status=active  occ=[2026-08-10(Mon) 02:00:00 ~ 2026-08-11(Tue) 01:00:00]
    OK   now=2026-08-11(Tue) 02:00:00  supp(impl)=True  supp(oracle)=True  status=active  occ=[2026-08-11(Tue) 02:00:00 ~ 2026-08-12(Wed) 01:00:00]
    OK   now=2026-08-11(Tue) 12:00:00  supp(impl)=True  supp(oracle)=True  status=active  occ=[2026-08-11(Tue) 02:00:00 ~ 2026-08-12(Wed) 01:00:00]
    OK   now=2026-08-15(Sat) 02:00:00  supp(impl)=False  supp(oracle)=False  status=idle
    OK   now=2026-08-16(Sun) 23:00:00  supp(impl)=False  supp(oracle)=False  status=idle

[E01] (timezone) ★ KST 월요일 00:00~09:00 은 UTC 일요일 — 요일 판정이 로컬이어야
    type=weekly dow=0000001 daily=00:00:00~09:00:00 tz=Asia/Seoul
    valid=2026-07-31 15:00:00~2026-08-31 15:00:00 window=None~None revoked=None
    OK   now=2026-08-10(Mon) 00:30:00  supp(impl)=True  supp(oracle)=True  status=active  occ=[2026-08-10(Mon) 00:00:00 ~ 2026-08-10(Mon) 09:00:00]
    OK   now=2026-08-10(Mon) 08:30:00  supp(impl)=True  supp(oracle)=True  status=active  occ=[2026-08-10(Mon) 00:00:00 ~ 2026-08-10(Mon) 09:00:00]
    OK   now=2026-08-09(Sun) 23:30:00  supp(impl)=False  supp(oracle)=False  status=idle
    OK   now=2026-08-10(Mon) 09:30:00  supp(impl)=False  supp(oracle)=False  status=idle

[E02] (timezone) ★ KST 금요일 23:00 은 UTC 금요일 14:00 (경계 무해) / 월 00:30 대조
    type=weekly dow=0010000 daily=22:00:00~23:59:00 tz=Asia/Seoul
    valid=2026-07-31 15:00:00~2026-08-31 15:00:00 window=None~None revoked=None
    OK   now=2026-08-14(Fri) 23:00:00  supp(impl)=True  supp(oracle)=True  status=active  occ=[2026-08-14(Fri) 22:00:00 ~ 2026-08-14(Fri) 23:59:00]
    OK   now=2026-08-14(Fri) 21:00:00  supp(impl)=False  supp(oracle)=False  status=idle
    OK   now=2026-08-15(Sat) 00:30:00  supp(impl)=False  supp(oracle)=False  status=idle

[E03] (timezone) KST 00:00 정각 시작 (UTC 전날 15:00)
    type=weekly dow=0011111 daily=00:00:00~01:00:00 tz=Asia/Seoul
    valid=2026-07-31 15:00:00~2026-08-31 15:00:00 window=None~None revoked=None
    OK   now=2026-08-09(Sun) 23:59:00  supp(impl)=False  supp(oracle)=False  status=idle
    OK   now=2026-08-09(Sun) 23:59:59  supp(impl)=False  supp(oracle)=False  status=idle
    OK   now=2026-08-10(Mon) 00:00:00  supp(impl)=True  supp(oracle)=True  status=active  occ=[2026-08-10(Mon) 00:00:00 ~ 2026-08-10(Mon) 01:00:00]
    OK   now=2026-08-10(Mon) 00:00:01  supp(impl)=True  supp(oracle)=True  status=active  occ=[2026-08-10(Mon) 00:00:00 ~ 2026-08-10(Mon) 01:00:00]
    OK   now=2026-08-10(Mon) 00:01:00  supp(impl)=True  supp(oracle)=True  status=active  occ=[2026-08-10(Mon) 00:00:00 ~ 2026-08-10(Mon) 01:00:00]
    OK   now=2026-08-10(Mon) 00:59:00  supp(impl)=True  supp(oracle)=True  status=active  occ=[2026-08-10(Mon) 00:00:00 ~ 2026-08-10(Mon) 01:00:00]
    OK   now=2026-08-10(Mon) 00:59:59  supp(impl)=True  supp(oracle)=True  status=active  occ=[2026-08-10(Mon) 00:00:00 ~ 2026-08-10(Mon) 01:00:00]
    OK   now=2026-08-10(Mon) 01:00:00  supp(impl)=False  supp(oracle)=False  status=idle
    OK   now=2026-08-10(Mon) 01:00:01  supp(impl)=False  supp(oracle)=False  status=idle
    OK   now=2026-08-10(Mon) 01:01:00  supp(impl)=False  supp(oracle)=False  status=idle

[E04] (timezone) UTC 타임존 스케줄 (tz=UTC)
    type=weekly dow=0011111 daily=08:00:00~21:00:00 tz=UTC
    valid=2026-07-31 15:00:00~2026-08-31 15:00:00 window=None~None revoked=None
    OK   now=2026-08-10(Mon) 18:00:00  supp(impl)=True  supp(oracle)=True  status=active  occ=[2026-08-10(Mon) 17:00:00 ~ 2026-08-11(Tue) 06:00:00]
    OK   now=2026-08-11(Tue) 07:00:00  supp(impl)=False  supp(oracle)=False  status=idle
    OK   now=2026-08-10(Mon) 16:00:00  supp(impl)=False  supp(oracle)=False  status=idle

[E05] (timezone) DST 있는 타임존 (America/New_York) 봄 전환 주
    type=weekly dow=1111111 daily=01:00:00~04:00:00 tz=America/New_York
    valid=2026-03-01 00:00:00~2026-04-01 00:00:00 window=None~None revoked=None
    OK   now=2026-03-08(Sun) 15:00:00  supp(impl)=True  supp(oracle)=True  status=active  occ=[2026-03-08(Sun) 15:00:00 ~ 2026-03-08(Sun) 17:00:00]
    OK   now=2026-03-08(Sun) 16:00:00  supp(impl)=True  supp(oracle)=True  status=active  occ=[2026-03-08(Sun) 15:00:00 ~ 2026-03-08(Sun) 17:00:00]
    OK   now=2026-03-08(Sun) 17:00:00  supp(impl)=False  supp(oracle)=False  status=idle
    OK   now=2026-03-10(Tue) 16:00:00  supp(impl)=True  supp(oracle)=True  status=active  occ=[2026-03-10(Tue) 14:00:00 ~ 2026-03-10(Tue) 17:00:00]

[E06] (timezone) DST 가을 전환 주 (America/New_York)
    type=weekly dow=1111111 daily=01:00:00~03:00:00 tz=America/New_York
    valid=2026-10-01 00:00:00~2026-12-01 00:00:00 window=None~None revoked=None
    OK   now=2026-11-01(Sun) 14:00:00  supp(impl)=True  supp(oracle)=True  status=active  occ=[2026-11-01(Sun) 14:00:00 ~ 2026-11-01(Sun) 17:00:00]
    OK   now=2026-11-01(Sun) 15:00:00  supp(impl)=True  supp(oracle)=True  status=active  occ=[2026-11-01(Sun) 14:00:00 ~ 2026-11-01(Sun) 17:00:00]
    OK   now=2026-11-01(Sun) 16:00:00  supp(impl)=True  supp(oracle)=True  status=active  occ=[2026-11-01(Sun) 14:00:00 ~ 2026-11-01(Sun) 17:00:00]

[E07] (timezone) KST 0시 경계 정밀 — 월~금 0:00~1:00
    type=weekly dow=0011111 daily=00:00:00~01:00:00 tz=Asia/Seoul
    valid=2026-07-31 15:00:00~2026-08-31 15:00:00 window=None~None revoked=None
    OK   now=2026-08-09(Sun) 23:59:00  supp(impl)=False  supp(oracle)=False  status=idle
    OK   now=2026-08-09(Sun) 23:59:59  supp(impl)=False  supp(oracle)=False  status=idle
    OK   now=2026-08-10(Mon) 00:00:00  supp(impl)=True  supp(oracle)=True  status=active  occ=[2026-08-10(Mon) 00:00:00 ~ 2026-08-10(Mon) 01:00:00]
    OK   now=2026-08-10(Mon) 00:00:01  supp(impl)=True  supp(oracle)=True  status=active  occ=[2026-08-10(Mon) 00:00:00 ~ 2026-08-10(Mon) 01:00:00]
    OK   now=2026-08-10(Mon) 00:01:00  supp(impl)=True  supp(oracle)=True  status=active  occ=[2026-08-10(Mon) 00:00:00 ~ 2026-08-10(Mon) 01:00:00]
    OK   now=2026-08-10(Mon) 00:30:00  supp(impl)=True  supp(oracle)=True  status=active  occ=[2026-08-10(Mon) 00:00:00 ~ 2026-08-10(Mon) 01:00:00]

[E08] (timezone) KST 1시 경계 정밀 — 월~금 1:00~2:00
    type=weekly dow=0011111 daily=01:00:00~02:00:00 tz=Asia/Seoul
    valid=2026-07-31 15:00:00~2026-08-31 15:00:00 window=None~None revoked=None
    OK   now=2026-08-10(Mon) 00:59:00  supp(impl)=False  supp(oracle)=False  status=idle
    OK   now=2026-08-10(Mon) 00:59:59  supp(impl)=False  supp(oracle)=False  status=idle
    OK   now=2026-08-10(Mon) 01:00:00  supp(impl)=True  supp(oracle)=True  status=active  occ=[2026-08-10(Mon) 01:00:00 ~ 2026-08-10(Mon) 02:00:00]
    OK   now=2026-08-10(Mon) 01:00:01  supp(impl)=True  supp(oracle)=True  status=active  occ=[2026-08-10(Mon) 01:00:00 ~ 2026-08-10(Mon) 02:00:00]
    OK   now=2026-08-10(Mon) 01:01:00  supp(impl)=True  supp(oracle)=True  status=active  occ=[2026-08-10(Mon) 01:00:00 ~ 2026-08-10(Mon) 02:00:00]
    OK   now=2026-08-10(Mon) 01:30:00  supp(impl)=True  supp(oracle)=True  status=active  occ=[2026-08-10(Mon) 01:00:00 ~ 2026-08-10(Mon) 02:00:00]

[E09] (timezone) KST 8시 경계 정밀 — 월~금 8:00~9:00
    type=weekly dow=0011111 daily=08:00:00~09:00:00 tz=Asia/Seoul
    valid=2026-07-31 15:00:00~2026-08-31 15:00:00 window=None~None revoked=None
    OK   now=2026-08-10(Mon) 07:59:00  supp(impl)=False  supp(oracle)=False  status=idle
    OK   now=2026-08-10(Mon) 07:59:59  supp(impl)=False  supp(oracle)=False  status=idle
    OK   now=2026-08-10(Mon) 08:00:00  supp(impl)=True  supp(oracle)=True  status=active  occ=[2026-08-10(Mon) 08:00:00 ~ 2026-08-10(Mon) 09:00:00]
    OK   now=2026-08-10(Mon) 08:00:01  supp(impl)=True  supp(oracle)=True  status=active  occ=[2026-08-10(Mon) 08:00:00 ~ 2026-08-10(Mon) 09:00:00]
    OK   now=2026-08-10(Mon) 08:01:00  supp(impl)=True  supp(oracle)=True  status=active  occ=[2026-08-10(Mon) 08:00:00 ~ 2026-08-10(Mon) 09:00:00]
    OK   now=2026-08-10(Mon) 08:30:00  supp(impl)=True  supp(oracle)=True  status=active  occ=[2026-08-10(Mon) 08:00:00 ~ 2026-08-10(Mon) 09:00:00]

[E10] (timezone) KST 9시 경계 정밀 — 월~금 9:00~10:00
    type=weekly dow=0011111 daily=09:00:00~10:00:00 tz=Asia/Seoul
    valid=2026-07-31 15:00:00~2026-08-31 15:00:00 window=None~None revoked=None
    OK   now=2026-08-10(Mon) 08:59:00  supp(impl)=False  supp(oracle)=False  status=idle
    OK   now=2026-08-10(Mon) 08:59:59  supp(impl)=False  supp(oracle)=False  status=idle
    OK   now=2026-08-10(Mon) 09:00:00  supp(impl)=True  supp(oracle)=True  status=active  occ=[2026-08-10(Mon) 09:00:00 ~ 2026-08-10(Mon) 10:00:00]
    OK   now=2026-08-10(Mon) 09:00:01  supp(impl)=True  supp(oracle)=True  status=active  occ=[2026-08-10(Mon) 09:00:00 ~ 2026-08-10(Mon) 10:00:00]
    OK   now=2026-08-10(Mon) 09:01:00  supp(impl)=True  supp(oracle)=True  status=active  occ=[2026-08-10(Mon) 09:00:00 ~ 2026-08-10(Mon) 10:00:00]
    OK   now=2026-08-10(Mon) 09:30:00  supp(impl)=True  supp(oracle)=True  status=active  occ=[2026-08-10(Mon) 09:00:00 ~ 2026-08-10(Mon) 10:00:00]

[E11] (timezone) KST 14시 경계 정밀 — 월~금 14:00~15:00
    type=weekly dow=0011111 daily=14:00:00~15:00:00 tz=Asia/Seoul
    valid=2026-07-31 15:00:00~2026-08-31 15:00:00 window=None~None revoked=None
    OK   now=2026-08-10(Mon) 13:59:00  supp(impl)=False  supp(oracle)=False  status=idle
    OK   now=2026-08-10(Mon) 13:59:59  supp(impl)=False  supp(oracle)=False  status=idle
    OK   now=2026-08-10(Mon) 14:00:00  supp(impl)=True  supp(oracle)=True  status=active  occ=[2026-08-10(Mon) 14:00:00 ~ 2026-08-10(Mon) 15:00:00]
    OK   now=2026-08-10(Mon) 14:00:01  supp(impl)=True  supp(oracle)=True  status=active  occ=[2026-08-10(Mon) 14:00:00 ~ 2026-08-10(Mon) 15:00:00]
    OK   now=2026-08-10(Mon) 14:01:00  supp(impl)=True  supp(oracle)=True  status=active  occ=[2026-08-10(Mon) 14:00:00 ~ 2026-08-10(Mon) 15:00:00]
    OK   now=2026-08-10(Mon) 14:30:00  supp(impl)=True  supp(oracle)=True  status=active  occ=[2026-08-10(Mon) 14:00:00 ~ 2026-08-10(Mon) 15:00:00]

[E12] (timezone) KST 15시 경계 정밀 — 월~금 15:00~16:00
    type=weekly dow=0011111 daily=15:00:00~16:00:00 tz=Asia/Seoul
    valid=2026-07-31 15:00:00~2026-08-31 15:00:00 window=None~None revoked=None
    OK   now=2026-08-10(Mon) 14:59:00  supp(impl)=False  supp(oracle)=False  status=idle
    OK   now=2026-08-10(Mon) 14:59:59  supp(impl)=False  supp(oracle)=False  status=idle
    OK   now=2026-08-10(Mon) 15:00:00  supp(impl)=True  supp(oracle)=True  status=active  occ=[2026-08-10(Mon) 15:00:00 ~ 2026-08-10(Mon) 16:00:00]
    OK   now=2026-08-10(Mon) 15:00:01  supp(impl)=True  supp(oracle)=True  status=active  occ=[2026-08-10(Mon) 15:00:00 ~ 2026-08-10(Mon) 16:00:00]
    OK   now=2026-08-10(Mon) 15:01:00  supp(impl)=True  supp(oracle)=True  status=active  occ=[2026-08-10(Mon) 15:00:00 ~ 2026-08-10(Mon) 16:00:00]
    OK   now=2026-08-10(Mon) 15:30:00  supp(impl)=True  supp(oracle)=True  status=active  occ=[2026-08-10(Mon) 15:00:00 ~ 2026-08-10(Mon) 16:00:00]

[E13] (timezone) KST 16시 경계 정밀 — 월~금 16:00~17:00
    type=weekly dow=0011111 daily=16:00:00~17:00:00 tz=Asia/Seoul
    valid=2026-07-31 15:00:00~2026-08-31 15:00:00 window=None~None revoked=None
    OK   now=2026-08-10(Mon) 15:59:00  supp(impl)=False  supp(oracle)=False  status=idle
    OK   now=2026-08-10(Mon) 15:59:59  supp(impl)=False  supp(oracle)=False  status=idle
    OK   now=2026-08-10(Mon) 16:00:00  supp(impl)=True  supp(oracle)=True  status=active  occ=[2026-08-10(Mon) 16:00:00 ~ 2026-08-10(Mon) 17:00:00]
    OK   now=2026-08-10(Mon) 16:00:01  supp(impl)=True  supp(oracle)=True  status=active  occ=[2026-08-10(Mon) 16:00:00 ~ 2026-08-10(Mon) 17:00:00]
    OK   now=2026-08-10(Mon) 16:01:00  supp(impl)=True  supp(oracle)=True  status=active  occ=[2026-08-10(Mon) 16:00:00 ~ 2026-08-10(Mon) 17:00:00]
    OK   now=2026-08-10(Mon) 16:30:00  supp(impl)=True  supp(oracle)=True  status=active  occ=[2026-08-10(Mon) 16:00:00 ~ 2026-08-10(Mon) 17:00:00]

[E14] (timezone) KST 23시 경계 정밀 — 월~금 23:00~0:00
    type=weekly dow=0011111 daily=23:00:00~00:00:00 tz=Asia/Seoul
    valid=2026-07-31 15:00:00~2026-08-31 15:00:00 window=None~None revoked=None
    OK   now=2026-08-10(Mon) 22:59:00  supp(impl)=False  supp(oracle)=False  status=idle
    OK   now=2026-08-10(Mon) 22:59:59  supp(impl)=False  supp(oracle)=False  status=idle
    OK   now=2026-08-10(Mon) 23:00:00  supp(impl)=True  supp(oracle)=True  status=active  occ=[2026-08-10(Mon) 23:00:00 ~ 2026-08-11(Tue) 00:00:00]
    OK   now=2026-08-10(Mon) 23:00:01  supp(impl)=True  supp(oracle)=True  status=active  occ=[2026-08-10(Mon) 23:00:00 ~ 2026-08-11(Tue) 00:00:00]
    OK   now=2026-08-10(Mon) 23:01:00  supp(impl)=True  supp(oracle)=True  status=active  occ=[2026-08-10(Mon) 23:00:00 ~ 2026-08-11(Tue) 00:00:00]
    OK   now=2026-08-10(Mon) 23:30:00  supp(impl)=True  supp(oracle)=True  status=active  occ=[2026-08-10(Mon) 23:00:00 ~ 2026-08-11(Tue) 00:00:00]

[E15] (timezone) KST 일요일 23:30 시작 → 월요일 새벽 (일 선택)
    type=weekly dow=1000000 daily=23:30:00~02:00:00 tz=Asia/Seoul
    valid=2026-07-31 15:00:00~2026-08-31 15:00:00 window=None~None revoked=None
    OK   now=2026-08-16(Sun) 23:45:00  supp(impl)=True  supp(oracle)=True  status=active  occ=[2026-08-16(Sun) 23:30:00 ~ 2026-08-17(Mon) 02:00:00]
    OK   now=2026-08-17(Mon) 01:00:00  supp(impl)=True  supp(oracle)=True  status=active  occ=[2026-08-16(Sun) 23:30:00 ~ 2026-08-17(Mon) 02:00:00]
    OK   now=2026-08-17(Mon) 03:00:00  supp(impl)=False  supp(oracle)=False  status=idle
    OK   now=2026-08-16(Sun) 23:00:00  supp(impl)=False  supp(oracle)=False  status=idle

[F01] (status) status 판정 — 유효기간 전 → pending
    type=weekly dow=0011111 daily=08:00:00~21:00:00 tz=Asia/Seoul
    valid=2026-08-09 15:00:00~2026-08-20 15:00:00 window=None~None revoked=None
    OK   now=2026-08-05(Wed) 12:00:00  supp(impl)=False  supp(oracle)=False  status=pending

[F02] (status) status 판정 — 유효기간 내·occurrence 전 → ?
    type=weekly dow=0011111 daily=08:00:00~21:00:00 tz=Asia/Seoul
    valid=2026-08-09 15:00:00~2026-08-20 15:00:00 window=None~None revoked=None
    OK   now=2026-08-10(Mon) 07:00:00  supp(impl)=False  supp(oracle)=False  status=idle

[F03] (status) status 판정 — occurrence 내 → active
    type=weekly dow=0011111 daily=08:00:00~21:00:00 tz=Asia/Seoul
    valid=2026-08-09 15:00:00~2026-08-20 15:00:00 window=None~None revoked=None
    OK   now=2026-08-10(Mon) 12:00:00  supp(impl)=True  supp(oracle)=True  status=active  occ=[2026-08-10(Mon) 08:00:00 ~ 2026-08-10(Mon) 21:00:00]

[F04] (status) status 판정 — occurrence 후·유효기간 내 → ?
    type=weekly dow=0011111 daily=08:00:00~21:00:00 tz=Asia/Seoul
    valid=2026-08-09 15:00:00~2026-08-20 15:00:00 window=None~None revoked=None
    OK   now=2026-08-10(Mon) 22:00:00  supp(impl)=False  supp(oracle)=False  status=idle

[F05] (status) status 판정 — 주말·유효기간 내 → ?
    type=weekly dow=0011111 daily=08:00:00~21:00:00 tz=Asia/Seoul
    valid=2026-08-09 15:00:00~2026-08-20 15:00:00 window=None~None revoked=None
    OK   now=2026-08-15(Sat) 12:00:00  supp(impl)=False  supp(oracle)=False  status=idle

[F06] (status) status 판정 — 유효기간 후 → expired
    type=weekly dow=0011111 daily=08:00:00~21:00:00 tz=Asia/Seoul
    valid=2026-08-09 15:00:00~2026-08-20 15:00:00 window=None~None revoked=None
    OK   now=2026-08-25(Tue) 12:00:00  supp(impl)=False  supp(oracle)=False  status=expired

[F07] (status) status 판정 — 유효기간 끝 경계
    type=weekly dow=0011111 daily=08:00:00~21:00:00 tz=Asia/Seoul
    valid=2026-08-09 15:00:00~2026-08-20 15:00:00 window=None~None revoked=None
    OK   now=2026-08-21(Fri) 00:00:00  supp(impl)=False  supp(oracle)=False  status=expired

[F08] (status) status 판정 — occurrence 시작 정각
    type=weekly dow=0011111 daily=08:00:00~21:00:00 tz=Asia/Seoul
    valid=2026-08-09 15:00:00~2026-08-20 15:00:00 window=None~None revoked=None
    OK   now=2026-08-10(Mon) 08:00:00  supp(impl)=True  supp(oracle)=True  status=active  occ=[2026-08-10(Mon) 08:00:00 ~ 2026-08-10(Mon) 21:00:00]

[F09] (status) status 판정 — occurrence 끝 정각
    type=weekly dow=0011111 daily=08:00:00~21:00:00 tz=Asia/Seoul
    valid=2026-08-09 15:00:00~2026-08-20 15:00:00 window=None~None revoked=None
    OK   now=2026-08-10(Mon) 21:00:00  supp(impl)=False  supp(oracle)=False  status=idle

[F10] (status) status 판정 — 마지막 목요일 종료 직전
    type=weekly dow=0011111 daily=08:00:00~21:00:00 tz=Asia/Seoul
    valid=2026-08-09 15:00:00~2026-08-20 15:00:00 window=None~None revoked=None
    OK   now=2026-08-20(Thu) 20:59:00  supp(impl)=True  supp(oracle)=True  status=active  occ=[2026-08-20(Thu) 08:00:00 ~ 2026-08-20(Thu) 21:00:00]

[F11] (status) status 판정 — 금 종료 직후
    type=weekly dow=0011111 daily=08:00:00~21:00:00 tz=Asia/Seoul
    valid=2026-08-09 15:00:00~2026-08-20 15:00:00 window=None~None revoked=None
    OK   now=2026-08-14(Fri) 21:01:00  supp(impl)=False  supp(oracle)=False  status=idle

[F12] (status) status 판정 — 다음주 월 시작
    type=weekly dow=0011111 daily=08:00:00~21:00:00 tz=Asia/Seoul
    valid=2026-08-09 15:00:00~2026-08-20 15:00:00 window=None~None revoked=None
    OK   now=2026-08-17(Mon) 08:00:00  supp(impl)=True  supp(oracle)=True  status=active  occ=[2026-08-17(Mon) 08:00:00 ~ 2026-08-17(Mon) 21:00:00]

[G01] (next-transition) 다음 전이 계산 @ 2026-08-09 22:00:00
    type=weekly dow=0011111 daily=08:00:00~21:00:00 tz=Asia/Seoul
    valid=2026-08-09 15:00:00~2026-09-20 15:00:00 window=None~None revoked=None
    OK   now=2026-08-10(Mon) 07:00:00  supp(impl)=False  supp(oracle)=False  status=idle

[G02] (next-transition) 다음 전이 계산 @ 2026-08-09 23:00:00
    type=weekly dow=0011111 daily=08:00:00~21:00:00 tz=Asia/Seoul
    valid=2026-08-09 15:00:00~2026-09-20 15:00:00 window=None~None revoked=None
    OK   now=2026-08-10(Mon) 08:00:00  supp(impl)=True  supp(oracle)=True  status=active  occ=[2026-08-10(Mon) 08:00:00 ~ 2026-08-10(Mon) 21:00:00]

[G03] (next-transition) 다음 전이 계산 @ 2026-08-10 03:00:00
    type=weekly dow=0011111 daily=08:00:00~21:00:00 tz=Asia/Seoul
    valid=2026-08-09 15:00:00~2026-09-20 15:00:00 window=None~None revoked=None
    OK   now=2026-08-10(Mon) 12:00:00  supp(impl)=True  supp(oracle)=True  status=active  occ=[2026-08-10(Mon) 08:00:00 ~ 2026-08-10(Mon) 21:00:00]

[G04] (next-transition) 다음 전이 계산 @ 2026-08-10 11:59:00
    type=weekly dow=0011111 daily=08:00:00~21:00:00 tz=Asia/Seoul
    valid=2026-08-09 15:00:00~2026-09-20 15:00:00 window=None~None revoked=None
    OK   now=2026-08-10(Mon) 20:59:00  supp(impl)=True  supp(oracle)=True  status=active  occ=[2026-08-10(Mon) 08:00:00 ~ 2026-08-10(Mon) 21:00:00]

[G05] (next-transition) 다음 전이 계산 @ 2026-08-10 12:00:00
    type=weekly dow=0011111 daily=08:00:00~21:00:00 tz=Asia/Seoul
    valid=2026-08-09 15:00:00~2026-09-20 15:00:00 window=None~None revoked=None
    OK   now=2026-08-10(Mon) 21:00:00  supp(impl)=False  supp(oracle)=False  status=idle

[G06] (next-transition) 다음 전이 계산 @ 2026-08-10 14:00:00
    type=weekly dow=0011111 daily=08:00:00~21:00:00 tz=Asia/Seoul
    valid=2026-08-09 15:00:00~2026-09-20 15:00:00 window=None~None revoked=None
    OK   now=2026-08-10(Mon) 23:00:00  supp(impl)=False  supp(oracle)=False  status=idle

[G07] (next-transition) 다음 전이 계산 @ 2026-08-14 12:01:00
    type=weekly dow=0011111 daily=08:00:00~21:00:00 tz=Asia/Seoul
    valid=2026-08-09 15:00:00~2026-09-20 15:00:00 window=None~None revoked=None
    OK   now=2026-08-14(Fri) 21:01:00  supp(impl)=False  supp(oracle)=False  status=idle

[G08] (next-transition) 다음 전이 계산 @ 2026-08-15 03:00:00
    type=weekly dow=0011111 daily=08:00:00~21:00:00 tz=Asia/Seoul
    valid=2026-08-09 15:00:00~2026-09-20 15:00:00 window=None~None revoked=None
    OK   now=2026-08-15(Sat) 12:00:00  supp(impl)=False  supp(oracle)=False  status=idle

[G09] (next-transition) 다음 전이 계산 @ 2026-08-16 14:00:00
    type=weekly dow=0011111 daily=08:00:00~21:00:00 tz=Asia/Seoul
    valid=2026-08-09 15:00:00~2026-09-20 15:00:00 window=None~None revoked=None
    OK   now=2026-08-16(Sun) 23:00:00  supp(impl)=False  supp(oracle)=False  status=idle

[G10] (next-transition) 다음 전이 계산 @ 2026-09-18 11:00:00
    type=weekly dow=0011111 daily=08:00:00~21:00:00 tz=Asia/Seoul
    valid=2026-08-09 15:00:00~2026-09-20 15:00:00 window=None~None revoked=None
    OK   now=2026-09-18(Fri) 20:00:00  supp(impl)=True  supp(oracle)=True  status=active  occ=[2026-09-18(Fri) 08:00:00 ~ 2026-09-18(Fri) 21:00:00]

[G11] (next-transition) 다음 전이 계산 @ 2026-09-20 03:00:00
    type=weekly dow=0011111 daily=08:00:00~21:00:00 tz=Asia/Seoul
    valid=2026-08-09 15:00:00~2026-09-20 15:00:00 window=None~None revoked=None
    OK   now=2026-09-20(Sun) 12:00:00  supp(impl)=False  supp(oracle)=False  status=idle

[G12] (next-transition) 다음 전이 계산 @ 2026-09-20 16:00:00
    type=weekly dow=0011111 daily=08:00:00~21:00:00 tz=Asia/Seoul
    valid=2026-08-09 15:00:00~2026-09-20 15:00:00 window=None~None revoked=None
    OK   now=2026-09-21(Mon) 01:00:00  supp(impl)=False  supp(oracle)=False  status=expired

[G13] (next-transition) 다음 전이 계산 @ 2026-08-09 03:00:00
    type=weekly dow=0011111 daily=08:00:00~21:00:00 tz=Asia/Seoul
    valid=2026-08-09 15:00:00~2026-09-20 15:00:00 window=None~None revoked=None
    OK   now=2026-08-09(Sun) 12:00:00  supp(impl)=False  supp(oracle)=False  status=pending

[G14] (next-transition) 다음 전이 계산 @ 2026-08-10 15:00:00
    type=weekly dow=0011111 daily=08:00:00~21:00:00 tz=Asia/Seoul
    valid=2026-08-09 15:00:00~2026-09-20 15:00:00 window=None~None revoked=None
    OK   now=2026-08-11(Tue) 00:00:00  supp(impl)=False  supp(oracle)=False  status=idle

[G15] (next-transition) 다음 전이 계산 @ 2026-08-12 23:00:00
    type=weekly dow=0011111 daily=08:00:00~21:00:00 tz=Asia/Seoul
    valid=2026-08-09 15:00:00~2026-09-20 15:00:00 window=None~None revoked=None
    OK   now=2026-08-13(Thu) 08:00:00  supp(impl)=True  supp(oracle)=True  status=active  occ=[2026-08-13(Thu) 08:00:00 ~ 2026-08-13(Thu) 21:00:00]

[H01] (guard) daily_start == daily_end (24시간 해석?)
    type=weekly dow=0011111 daily=08:00:00~08:00:00 tz=Asia/Seoul
    valid=2026-07-31 15:00:00~2026-08-31 15:00:00 window=None~None revoked=None
    OK   now=2026-08-10(Mon) 07:59:00  supp(impl)=False  supp(oracle)=False  status=idle
    OK   now=2026-08-10(Mon) 07:59:59  supp(impl)=False  supp(oracle)=False  status=idle
    OK   now=2026-08-10(Mon) 08:00:00  supp(impl)=True  supp(oracle)=True  status=active  occ=[2026-08-10(Mon) 08:00:00 ~ 2026-08-11(Tue) 08:00:00]
    OK   now=2026-08-10(Mon) 08:00:01  supp(impl)=True  supp(oracle)=True  status=active  occ=[2026-08-10(Mon) 08:00:00 ~ 2026-08-11(Tue) 08:00:00]
    OK   now=2026-08-10(Mon) 08:01:00  supp(impl)=True  supp(oracle)=True  status=active  occ=[2026-08-10(Mon) 08:00:00 ~ 2026-08-11(Tue) 08:00:00]
    OK   now=2026-08-10(Mon) 20:00:00  supp(impl)=True  supp(oracle)=True  status=active  occ=[2026-08-10(Mon) 08:00:00 ~ 2026-08-11(Tue) 08:00:00]
    OK   now=2026-08-11(Tue) 07:00:00  supp(impl)=True  supp(oracle)=True  status=active  occ=[2026-08-10(Mon) 08:00:00 ~ 2026-08-11(Tue) 08:00:00]

[H02] (guard) weekly 인데 daily_start 누락
    type=weekly dow=0011111 daily=None~21:00:00 tz=Asia/Seoul
    valid=2026-07-31 15:00:00~2026-08-31 15:00:00 window=None~None revoked=None
    OK   now=2026-08-10(Mon) 12:00:00  supp(impl)=False  supp(oracle)=False  status=idle

[H03] (guard) weekly 인데 daily_end 누락
    type=weekly dow=0011111 daily=08:00:00~None tz=Asia/Seoul
    valid=2026-07-31 15:00:00~2026-08-31 15:00:00 window=None~None revoked=None
    OK   now=2026-08-10(Mon) 12:00:00  supp(impl)=False  supp(oracle)=False  status=idle

[H04] (guard) valid_from > valid_until (역전)
    type=weekly dow=0011111 daily=08:00:00~21:00:00 tz=Asia/Seoul
    valid=2026-08-31 15:00:00~2026-07-31 15:00:00 window=None~None revoked=None
    OK   now=2026-08-15(Sat) 12:00:00  supp(impl)=False  supp(oracle)=False  status=pending
    OK   now=2026-08-10(Mon) 12:00:00  supp(impl)=False  supp(oracle)=False  status=pending

[H05] (guard) none 인데 window 누락
    type=none dow=0000000 daily=None~None tz=Asia/Seoul
    valid=None~None window=None~None revoked=None
    OK   now=2026-08-10(Mon) 12:00:00  supp(impl)=False  supp(oracle)=False  status=expired

[H06] (guard) none 인데 window 역전
    type=none dow=0000000 daily=None~None tz=Asia/Seoul
    valid=None~None window=2026-08-10 09:00:00~2026-08-10 00:00:00 revoked=None
    OK   now=2026-08-10(Mon) 12:00:00  supp(impl)=False  supp(oracle)=False  status=pending
    OK   now=2026-08-10(Mon) 20:00:00  supp(impl)=False  supp(oracle)=False  status=expired

[H07] (guard) revoked_at 이 미래 (아직 유효)
    type=weekly dow=0011111 daily=08:00:00~21:00:00 tz=Asia/Seoul
    valid=2026-07-31 15:00:00~2026-08-31 15:00:00 window=None~None revoked=2026-08-19 15:00:00
    OK   now=2026-08-10(Mon) 12:00:00  supp(impl)=True  supp(oracle)=True  status=active  occ=[2026-08-10(Mon) 08:00:00 ~ 2026-08-10(Mon) 21:00:00]
    OK   now=2026-08-25(Tue) 12:00:00  supp(impl)=False  supp(oracle)=False  status=cancelled

[H08] (guard) days_of_week 에 비트 범위 밖 값 (128)
    type=weekly dow=10000000 daily=08:00:00~21:00:00 tz=Asia/Seoul
    valid=2026-07-31 15:00:00~2026-08-31 15:00:00 window=None~None revoked=None
    OK   now=2026-08-10(Mon) 12:00:00  supp(impl)=False  supp(oracle)=False  status=idle

[H09] (guard) unknown recurrence_type
    type=monthly dow=0011111 daily=08:00:00~21:00:00 tz=Asia/Seoul
    valid=2026-07-31 15:00:00~2026-08-31 15:00:00 window=None~None revoked=None
    OK   now=2026-08-10(Mon) 12:00:00  supp(impl)=True  supp(oracle)=True  status=active  occ=[2026-08-10(Mon) 08:00:00 ~ 2026-08-10(Mon) 21:00:00]

[H10] (guard) valid_until 이 과거 (이미 만료)
    type=weekly dow=0011111 daily=08:00:00~21:00:00 tz=Asia/Seoul
    valid=2024-12-31 15:00:00~2025-01-31 15:00:00 window=None~None revoked=None
    OK   now=2026-08-10(Mon) 12:00:00  supp(impl)=False  supp(oracle)=False  status=expired

[H11] (guard) 초 단위 daily 경계 (08:00:30)
    type=weekly dow=0011111 daily=08:00:30~21:00:30 tz=Asia/Seoul
    valid=2026-07-31 15:00:00~2026-08-31 15:00:00 window=None~None revoked=None
    OK   now=2026-08-10(Mon) 07:59:30  supp(impl)=False  supp(oracle)=False  status=idle
    OK   now=2026-08-10(Mon) 08:00:29  supp(impl)=False  supp(oracle)=False  status=idle
    OK   now=2026-08-10(Mon) 08:00:30  supp(impl)=True  supp(oracle)=True  status=active  occ=[2026-08-10(Mon) 08:00:30 ~ 2026-08-10(Mon) 21:00:30]
    OK   now=2026-08-10(Mon) 08:00:31  supp(impl)=True  supp(oracle)=True  status=active  occ=[2026-08-10(Mon) 08:00:30 ~ 2026-08-10(Mon) 21:00:30]
    OK   now=2026-08-10(Mon) 08:01:30  supp(impl)=True  supp(oracle)=True  status=active  occ=[2026-08-10(Mon) 08:00:30 ~ 2026-08-10(Mon) 21:00:30]

[H12] (guard) 윤년 2월 29일 포함 기간
    type=weekly dow=1111111 daily=08:00:00~21:00:00 tz=Asia/Seoul
    valid=2028-02-24 15:00:00~2028-03-04 15:00:00 window=None~None revoked=None
    OK   now=2028-02-29(Tue) 12:00:00  supp(impl)=True  supp(oracle)=True  status=active  occ=[2028-02-29(Tue) 08:00:00 ~ 2028-02-29(Tue) 21:00:00]
    OK   now=2028-02-29(Tue) 07:00:00  supp(impl)=False  supp(oracle)=False  status=idle
    OK   now=2028-03-01(Wed) 12:00:00  supp(impl)=True  supp(oracle)=True  status=active  occ=[2028-03-01(Wed) 08:00:00 ~ 2028-03-01(Wed) 21:00:00]

====================================================================================================
next_transition 차등 검증 (스케줄러 date-job 지점)
====================================================================================================
    OK   [G01] now=2026-08-10(Mon) 07:00:00  next(impl)=2026-08-10(Mon) 08:00:00  next(oracle)=2026-08-10(Mon) 08:00:00
    OK   [G02] now=2026-08-10(Mon) 08:00:00  next(impl)=2026-08-10(Mon) 21:00:00  next(oracle)=2026-08-10(Mon) 21:00:00
    OK   [G03] now=2026-08-10(Mon) 12:00:00  next(impl)=2026-08-10(Mon) 21:00:00  next(oracle)=2026-08-10(Mon) 21:00:00
    OK   [G04] now=2026-08-10(Mon) 20:59:00  next(impl)=2026-08-10(Mon) 21:00:00  next(oracle)=2026-08-10(Mon) 21:00:00
    OK   [G05] now=2026-08-10(Mon) 21:00:00  next(impl)=2026-08-11(Tue) 08:00:00  next(oracle)=2026-08-11(Tue) 08:00:00
    OK   [G06] now=2026-08-10(Mon) 23:00:00  next(impl)=2026-08-11(Tue) 08:00:00  next(oracle)=2026-08-11(Tue) 08:00:00
    OK   [G07] now=2026-08-14(Fri) 21:01:00  next(impl)=2026-08-17(Mon) 08:00:00  next(oracle)=2026-08-17(Mon) 08:00:00
    OK   [G08] now=2026-08-15(Sat) 12:00:00  next(impl)=2026-08-17(Mon) 08:00:00  next(oracle)=2026-08-17(Mon) 08:00:00
    OK   [G09] now=2026-08-16(Sun) 23:00:00  next(impl)=2026-08-17(Mon) 08:00:00  next(oracle)=2026-08-17(Mon) 08:00:00
    OK   [G10] now=2026-09-18(Fri) 20:00:00  next(impl)=2026-09-18(Fri) 21:00:00  next(oracle)=2026-09-18(Fri) 21:00:00
    OK   [G11] now=2026-09-20(Sun) 12:00:00  next(impl)=None  next(oracle)=None
    OK   [G12] now=2026-09-21(Mon) 01:00:00  next(impl)=None  next(oracle)=None
    OK   [G13] now=2026-08-09(Sun) 12:00:00  next(impl)=2026-08-10(Mon) 08:00:00  next(oracle)=2026-08-10(Mon) 08:00:00
    OK   [G14] now=2026-08-11(Tue) 00:00:00  next(impl)=2026-08-11(Tue) 08:00:00  next(oracle)=2026-08-11(Tue) 08:00:00
    OK   [G15] now=2026-08-13(Thu) 08:00:00  next(impl)=2026-08-13(Thu) 21:00:00  next(oracle)=2026-08-13(Thu) 21:00:00

====================================================================================================
요약
====================================================================================================
  총 검사 616건
  억제판정 불일치 0건
  다음전이 불일치 0건

  카테고리별:
    guard                검사   27  실패   0
    next-transition      검사   30  실패   0
    one-shot             검사   87  실패   0
    overnight            검사  105  실패   0
    status               검사   12  실패   0
    timezone             검사   79  실패   0
    weekly-bounded       검사  211  실패   0
    weekly-unbounded     검사   65  실패   0
